Feb  3 11:54:18 cu-cs-vm rsyslogd: [origin software="rsyslogd" swVersion="8.16.0" x-pid="820" x-info="http://www.rsyslog.com"] rsyslogd was HUPed
Feb  3 11:54:25 cu-cs-vm anacron[788]: Job `cron.daily' terminated
Feb  3 11:54:25 cu-cs-vm anacron[788]: Normal exit (1 job run)
Feb  3 11:54:42 cu-cs-vm sqlservr[933]: #0152019-02-03 11:54:42.19 spid51      Attempting to load library 'xplog70.dll' into memory. This is an informational message only. No user action is required.
Feb  3 11:54:42 cu-cs-vm sqlservr[933]: #0152019-02-03 11:54:42.26 spid51      Using 'xplog70.dll' version '2017.140.3048' to execute extended stored procedure 'xp_msver'. This is an informational message only; no user action is required.
Feb  3 11:55:01 cu-cs-vm CRON[2324]: (root) CMD (command -v debian-sa1 > /dev/null && debian-sa1 1 1)
Feb  3 11:59:18 cu-cs-vm uptimed: moving up to position 21: 0 days, 00:10:22
Feb  3 12:02:22 cu-cs-vm dhclient[952]: DHCPREQUEST of 192.168.203.129 on ens33 to 192.168.203.254 port 67 (xid=0x3cb12b41)
Feb  3 12:02:22 cu-cs-vm dhclient[952]: DHCPACK of 192.168.203.129 from 192.168.203.254
Feb  3 12:02:22 cu-cs-vm NetworkManager[818]: <info>  [1549220542.5856]   address 192.168.203.129
Feb  3 12:02:22 cu-cs-vm NetworkManager[818]: <info>  [1549220542.5874]   plen 24 (255.255.255.0)
Feb  3 12:02:22 cu-cs-vm NetworkManager[818]: <info>  [1549220542.5875]   gateway 192.168.203.2
Feb  3 12:02:22 cu-cs-vm NetworkManager[818]: <info>  [1549220542.5875]   server identifier 192.168.203.254
Feb  3 12:02:22 cu-cs-vm NetworkManager[818]: <info>  [1549220542.5875]   lease time 1800
Feb  3 12:02:22 cu-cs-vm NetworkManager[818]: <info>  [1549220542.5875]   nameserver '192.168.203.2'
Feb  3 12:02:22 cu-cs-vm NetworkManager[818]: <info>  [1549220542.5875]   domain name 'localdomain'
Feb  3 12:02:22 cu-cs-vm NetworkManager[818]: <info>  [1549220542.5875]   wins '192.168.203.2'
Feb  3 12:02:22 cu-cs-vm NetworkManager[818]: <info>  [1549220542.5884] dhcp4 (ens33): state changed bound -> bound
Feb  3 12:02:22 cu-cs-vm dbus[766]: [system] Activating via systemd: service name='org.freedesktop.nm_dispatcher' unit='dbus-org.freedesktop.nm-dispatcher.service'
Feb  3 12:02:22 cu-cs-vm dhclient[952]: bound to 192.168.203.129 -- renewal in 802 seconds.
Feb  3 12:02:22 cu-cs-vm systemd[1]: Starting Network Manager Script Dispatcher Service...
Feb  3 12:02:22 cu-cs-vm dbus[766]: [system] Successfully activated service 'org.freedesktop.nm_dispatcher'
Feb  3 12:02:22 cu-cs-vm systemd[1]: Started Network Manager Script Dispatcher Service.
Feb  3 12:02:22 cu-cs-vm nm-dispatcher: req:1 'dhcp4-change' [ens33]: new request (1 scripts)
Feb  3 12:02:22 cu-cs-vm nm-dispatcher: req:1 'dhcp4-change' [ens33]: start running ordered scripts...
Feb  3 12:04:28 cu-cs-vm systemd[1]: Starting Cleanup of Temporary Directories...
Feb  3 12:04:28 cu-cs-vm systemd-tmpfiles[25362]: [/usr/lib/tmpfiles.d/var.conf:14] Duplicate line for path "/var/log", ignoring.
Feb  3 12:04:28 cu-cs-vm systemd[1]: Started Cleanup of Temporary Directories.
Feb  3 12:05:01 cu-cs-vm CRON[25439]: (root) CMD (command -v debian-sa1 > /dev/null && debian-sa1 1 1)
Feb  3 12:05:30 cu-cs-vm sqlservr[933]: #0152019-02-03 12:05:30.96 spid51      Using 'dbghelp.dll' version '4.0.5'
Feb  3 12:09:18 cu-cs-vm uptimed: moving up to position 17: 0 days, 00:20:22
Feb  3 12:11:32 cu-cs-vm kernel: [ 1356.318490] SGI XFS with ACLs, security attributes, realtime, no debug enabled
Feb  3 12:11:32 cu-cs-vm kernel: [ 1356.371649] JFS: nTxBlock = 8192, nTxLock = 65536
Feb  3 12:11:32 cu-cs-vm kernel: [ 1356.531098] ntfs: driver 2.1.32 [Flags: R/O MODULE].
Feb  3 12:11:32 cu-cs-vm kernel: [ 1356.611845] QNX4 filesystem 0.2.3 registered.
Feb  3 12:11:33 cu-cs-vm kernel: [ 1356.701404] raid6: sse2x1   gen()  9520 MB/s
Feb  3 12:11:33 cu-cs-vm kernel: [ 1356.749406] raid6: sse2x1   xor()  7125 MB/s
Feb  3 12:11:33 cu-cs-vm kernel: [ 1356.797405] raid6: sse2x2   gen() 11714 MB/s
Feb  3 12:11:33 cu-cs-vm kernel: [ 1356.845403] raid6: sse2x2   xor()  7790 MB/s
Feb  3 12:11:33 cu-cs-vm kernel: [ 1356.893409] raid6: sse2x4   gen() 13522 MB/s
Feb  3 12:11:33 cu-cs-vm kernel: [ 1356.941402] raid6: sse2x4   xor()  8495 MB/s
Feb  3 12:11:33 cu-cs-vm kernel: [ 1356.989406] raid6: avx2x1   gen() 18206 MB/s
Feb  3 12:11:33 cu-cs-vm kernel: [ 1357.037396] raid6: avx2x1   xor() 13488 MB/s
Feb  3 12:11:33 cu-cs-vm kernel: [ 1357.085394] raid6: avx2x2   gen() 22053 MB/s
Feb  3 12:11:33 cu-cs-vm kernel: [ 1357.133393] raid6: avx2x2   xor() 13657 MB/s
Feb  3 12:11:33 cu-cs-vm kernel: [ 1357.181393] raid6: avx2x4   gen() 24321 MB/s
Feb  3 12:11:33 cu-cs-vm kernel: [ 1357.229398] raid6: avx2x4   xor() 16281 MB/s
Feb  3 12:11:33 cu-cs-vm kernel: [ 1357.229400] raid6: using algorithm avx2x4 gen() 24321 MB/s
Feb  3 12:11:33 cu-cs-vm kernel: [ 1357.229401] raid6: .... xor() 16281 MB/s, rmw enabled
Feb  3 12:11:33 cu-cs-vm kernel: [ 1357.229401] raid6: using avx2x2 recovery algorithm
Feb  3 12:11:33 cu-cs-vm kernel: [ 1357.234678] xor: automatically using best checksumming function   avx       
Feb  3 12:11:33 cu-cs-vm kernel: [ 1357.382897] Btrfs loaded, crc32c=crc32c-intel
Feb  3 12:11:33 cu-cs-vm os-prober: debug: /dev/sda2: DOS extended partition; skipping
Feb  3 12:11:33 cu-cs-vm os-prober: debug: /dev/sda5: is active swap
Feb  3 12:12:41 cu-cs-vm systemd[1]: Closed Load/Save RF Kill Switch Status /dev/rfkill Watch.
Feb  3 12:12:41 cu-cs-vm systemd[1]: Stopping Service for virtual machines hosted on VMware...
Feb  3 12:12:41 cu-cs-vm systemd[1]: Stopping Authenticate and Authorize Users to Run Privileged Tasks...
Feb  3 12:12:41 cu-cs-vm systemd[1]: Stopping RealtimeKit Scheduling Policy Service...
Feb  3 12:12:41 cu-cs-vm systemd[1]: Stopping Disk Manager...
Feb  3 12:12:41 cu-cs-vm systemd[1]: Stopping Authentication service for virtual machines hosted on VMware...
Feb  3 12:12:41 cu-cs-vm systemd[1]: Stopping Session c1 of user user.
Feb  3 12:12:41 cu-cs-vm systemd[1]: Stopped target Timers.
Feb  3 12:12:41 cu-cs-vm systemd[1]: Stopped Daily apt upgrade and clean activities.
Feb  3 12:12:41 cu-cs-vm systemd[1]: Stopped target Graphical Interface.
Feb  3 12:12:41 cu-cs-vm systemd[1]: Stopping Light Display Manager...
Feb  3 12:12:41 cu-cs-vm systemd[1]: Stopping Accounts Service...
Feb  3 12:12:41 cu-cs-vm systemd[1]: Stopping User Manager for UID 1000...
Feb  3 12:12:41 cu-cs-vm systemd[1]: Stopped Daily Cleanup of Temporary Directories.
Feb  3 12:12:41 cu-cs-vm systemd[1]: Stopped target Multi-User System.
Feb  3 12:12:41 cu-cs-vm systemd[1]: Stopping Microsoft SQL Server Database Engine...
Feb  3 12:12:41 cu-cs-vm systemd[1]: Stopping LSB: Set the CPU Frequency Scaling governor to "ondemand"...
Feb  3 12:12:41 cu-cs-vm systemd[1013]: Reached target Shutdown.
Feb  3 12:12:41 cu-cs-vm systemd[1013]: Starting Exit the Session...
Feb  3 12:12:41 cu-cs-vm systemd[1013]: Stopped target Default.
Feb  3 12:12:41 cu-cs-vm systemd[1013]: Stopped target Basic System.
Feb  3 12:12:41 cu-cs-vm systemd[1013]: Stopped target Timers.
Feb  3 12:12:41 cu-cs-vm systemd[1013]: Stopped target Paths.
Feb  3 12:12:41 cu-cs-vm systemd[1013]: Stopped target Sockets.
Feb  3 12:12:41 cu-cs-vm dbus[766]: [system] Activating via systemd: service name='org.freedesktop.PolicyKit1' unit='polkitd.service'
Feb  3 12:12:41 cu-cs-vm systemd[1]: Stopping LSB: Load kernel image with kexec...
Feb  3 12:12:41 cu-cs-vm systemd[1]: Stopping Deferred execution scheduler...
Feb  3 12:12:41 cu-cs-vm systemd[1]: Stopping LSB: automatic crash report generation...
Feb  3 12:12:41 cu-cs-vm systemd[1]: Stopping LSB: disk temperature monitoring daemon...
Feb  3 12:12:41 cu-cs-vm systemd[1]: Stopping OpenBSD Secure Shell server...
Feb  3 12:12:41 cu-cs-vm systemd[1]: Stopping LSB: Speech Dispatcher...
Feb  3 12:12:41 cu-cs-vm VGAuthService[817]: ** Message: Processing SIGTERM; service exiting
Feb  3 12:12:41 cu-cs-vm VGAuthService[817]: ** Message: ServiceEndMainLoop: about to stop main loop
Feb  3 12:12:41 cu-cs-vm systemd[1]: Stopping Make remote CUPS printers available locally...
Feb  3 12:12:41 cu-cs-vm systemd[1]: Stopping LSB: Record successful boot for GRUB...
Feb  3 12:12:41 cu-cs-vm systemd[1]: Stopped target Login Prompts.
Feb  3 12:12:41 cu-cs-vm systemd[1]: Stopping Getty on tty1...
Feb  3 12:12:41 cu-cs-vm systemd[1]: Stopping System Logging Service...
Feb  3 12:12:41 cu-cs-vm systemd[1]: Stopping Regular background program processing daemon...
Feb  3 12:12:41 cu-cs-vm systemd[1]: Stopping uptime record daemon...
Feb  3 12:12:41 cu-cs-vm systemd[1]: Stopping Unattended Upgrades Shutdown...
Feb  3 12:12:42 cu-cs-vm rsyslogd: [origin software="rsyslogd" swVersion="8.16.0" x-pid="820" x-info="http://www.rsyslog.com"] exiting on signal 15.
Feb  3 12:13:20 cu-cs-vm rsyslogd: [origin software="rsyslogd" swVersion="8.16.0" x-pid="710" x-info="http://www.rsyslog.com"] start
Feb  3 12:13:20 cu-cs-vm rsyslogd-2222: command 'KLogPermitNonKernelFacility' is currently not permitted - did you already set it via a RainerScript command (v6+ config)? [v8.16.0 try http://www.rsyslog.com/e/2222 ]
Feb  3 12:13:20 cu-cs-vm rsyslogd: rsyslogd's groupid changed to 108
Feb  3 12:13:20 cu-cs-vm rsyslogd: rsyslogd's userid changed to 104
Feb  3 12:13:20 cu-cs-vm kernel: [    0.000000] Linux version 4.15.18yay (root@cu-cs-vm) (gcc version 5.4.0 20160609 (Ubuntu 5.4.0-6ubuntu1~16.04.11)) #12 SMP Sun Feb 3 11:57:59 MST 2019 (Ubuntu 4.15.0-43.46~16.04.1-generic 4.15.18)
Feb  3 12:13:20 cu-cs-vm kernel: [    0.000000] Command line: BOOT_IMAGE=/boot/vmlinuz-4.15.18yay root=UUID=a7adc8c1-e02a-478b-93ad-c06e060e0176 ro
Feb  3 12:13:20 cu-cs-vm kernel: [    0.000000] KERNEL supported cpus:
Feb  3 12:13:20 cu-cs-vm kernel: [    0.000000]   Intel GenuineIntel
Feb  3 12:13:20 cu-cs-vm kernel: [    0.000000]   AMD AuthenticAMD
Feb  3 12:13:20 cu-cs-vm kernel: [    0.000000]   Centaur CentaurHauls
Feb  3 12:13:20 cu-cs-vm kernel: [    0.000000] Disabled fast string operations
Feb  3 12:13:20 cu-cs-vm kernel: [    0.000000] x86/fpu: Supporting XSAVE feature 0x001: 'x87 floating point registers'
Feb  3 12:13:20 cu-cs-vm kernel: [    0.000000] x86/fpu: Supporting XSAVE feature 0x002: 'SSE registers'
Feb  3 12:13:20 cu-cs-vm kernel: [    0.000000] x86/fpu: Supporting XSAVE feature 0x004: 'AVX registers'
Feb  3 12:13:20 cu-cs-vm kernel: [    0.000000] x86/fpu: xstate_offset[2]:  576, xstate_sizes[2]:  256
Feb  3 12:13:20 cu-cs-vm kernel: [    0.000000] x86/fpu: Enabled xstate features 0x7, context size is 832 bytes, using 'standard' format.
Feb  3 12:13:20 cu-cs-vm kernel: [    0.000000] e820: BIOS-provided physical RAM map:
Feb  3 12:13:20 cu-cs-vm kernel: [    0.000000] BIOS-e820: [mem 0x0000000000000000-0x000000000009e7ff] usable
Feb  3 12:13:20 cu-cs-vm kernel: [    0.000000] BIOS-e820: [mem 0x000000000009e800-0x000000000009ffff] reserved
Feb  3 12:13:20 cu-cs-vm kernel: [    0.000000] BIOS-e820: [mem 0x00000000000dc000-0x00000000000fffff] reserved
Feb  3 12:13:20 cu-cs-vm kernel: [    0.000000] BIOS-e820: [mem 0x0000000000100000-0x000000007fedffff] usable
Feb  3 12:13:20 cu-cs-vm kernel: [    0.000000] BIOS-e820: [mem 0x000000007fee0000-0x000000007fefefff] ACPI data
Feb  3 12:13:20 cu-cs-vm kernel: [    0.000000] BIOS-e820: [mem 0x000000007feff000-0x000000007fefffff] ACPI NVS
Feb  3 12:13:20 cu-cs-vm kernel: [    0.000000] BIOS-e820: [mem 0x000000007ff00000-0x000000007fffffff] usable
Feb  3 12:13:20 cu-cs-vm kernel: [    0.000000] BIOS-e820: [mem 0x00000000f0000000-0x00000000f7ffffff] reserved
Feb  3 12:13:20 cu-cs-vm kernel: [    0.000000] BIOS-e820: [mem 0x00000000fec00000-0x00000000fec0ffff] reserved
Feb  3 12:13:20 cu-cs-vm rsyslogd-2039: Could not open output pipe '/dev/xconsole':: No such file or directory [v8.16.0 try http://www.rsyslog.com/e/2039 ]
Feb  3 12:13:20 cu-cs-vm rsyslogd-2007: action 'action 10' suspended, next retry is Sun Feb  3 12:13:50 2019 [v8.16.0 try http://www.rsyslog.com/e/2007 ]
Feb  3 12:13:20 cu-cs-vm kernel: [    0.000000] BIOS-e820: [mem 0x00000000fee00000-0x00000000fee00fff] reserved
Feb  3 12:13:20 cu-cs-vm kernel: [    0.000000] BIOS-e820: [mem 0x00000000fffe0000-0x00000000ffffffff] reserved
Feb  3 12:13:20 cu-cs-vm kernel: [    0.000000] NX (Execute Disable) protection: active
Feb  3 12:13:20 cu-cs-vm kernel: [    0.000000] SMBIOS 2.7 present.
Feb  3 12:13:20 cu-cs-vm kernel: [    0.000000] DMI: VMware, Inc. VMware Virtual Platform/440BX Desktop Reference Platform, BIOS 6.00 04/13/2018
Feb  3 12:13:20 cu-cs-vm kernel: [    0.000000] Hypervisor detected: VMware
Feb  3 12:13:20 cu-cs-vm kernel: [    0.000000] vmware: TSC freq read from hypervisor : 2699.966 MHz
Feb  3 12:13:20 cu-cs-vm kernel: [    0.000000] vmware: Host bus clock speed read from hypervisor : 66000000 Hz
Feb  3 12:13:20 cu-cs-vm kernel: [    0.000000] vmware: using sched offset of 23113094788 ns
Feb  3 12:13:20 cu-cs-vm kernel: [    0.000000] e820: update [mem 0x00000000-0x00000fff] usable ==> reserved
Feb  3 12:13:20 cu-cs-vm kernel: [    0.000000] e820: remove [mem 0x000a0000-0x000fffff] usable
Feb  3 12:13:20 cu-cs-vm systemd-modules-load[323]: Inserted module 'lp'
Feb  3 12:13:20 cu-cs-vm systemd-modules-load[323]: Inserted module 'ppdev'
Feb  3 12:13:20 cu-cs-vm systemd-modules-load[323]: Inserted module 'parport_pc'
Feb  3 12:13:20 cu-cs-vm loadkeys[320]: Loading /etc/console-setup/cached.kmap.gz
Feb  3 12:13:20 cu-cs-vm systemd-modules-load[323]: Module 'fuse' is builtin
Feb  3 12:13:20 cu-cs-vm systemd[1]: Starting Flush Journal to Persistent Storage...
Feb  3 12:13:20 cu-cs-vm systemd[1]: Started Set console keymap.
Feb  3 12:13:20 cu-cs-vm systemd[1]: Reached target Local File Systems (Pre).
Feb  3 12:13:20 cu-cs-vm systemd[1]: Reached target Local File Systems.
Feb  3 12:13:20 cu-cs-vm kernel: [    0.000000] e820: last_pfn = 0x80000 max_arch_pfn = 0x400000000
Feb  3 12:13:20 cu-cs-vm systemd[1]: Starting Set console font and keymap...
Feb  3 12:13:20 cu-cs-vm kernel: [    0.000000] MTRR default type: uncachable
Feb  3 12:13:20 cu-cs-vm systemd[1]: Starting Tell Plymouth To Write Out Runtime Data...
Feb  3 12:13:20 cu-cs-vm kernel: [    0.000000] MTRR fixed ranges enabled:
Feb  3 12:13:20 cu-cs-vm kernel: [    0.000000]   00000-9FFFF write-back
Feb  3 12:13:20 cu-cs-vm kernel: [    0.000000]   A0000-BFFFF uncachable
Feb  3 12:13:20 cu-cs-vm kernel: [    0.000000]   C0000-C7FFF write-protect
Feb  3 12:13:20 cu-cs-vm kernel: [    0.000000]   C8000-CBFFF write-back
Feb  3 12:13:20 cu-cs-vm kernel: [    0.000000]   CC000-EFFFF uncachable
Feb  3 12:13:20 cu-cs-vm systemd[1]: Starting LSB: AppArmor initialization...
Feb  3 12:13:20 cu-cs-vm kernel: [    0.000000]   F0000-FFFFF write-protect
Feb  3 12:13:20 cu-cs-vm kernel: [    0.000000] MTRR variable ranges enabled:
Feb  3 12:13:20 cu-cs-vm kernel: [    0.000000]   0 base 00000000000 mask 7FF00000000 write-back
Feb  3 12:13:20 cu-cs-vm kernel: [    0.000000]   1 base 000C0000000 mask 7FFC0000000 uncachable
Feb  3 12:13:20 cu-cs-vm systemd[1]: Starting Enable support for additional executable binary formats...
Feb  3 12:13:20 cu-cs-vm kernel: [    0.000000]   2 disabled
Feb  3 12:13:20 cu-cs-vm kernel: [    0.000000]   3 disabled
Feb  3 12:13:20 cu-cs-vm kernel: [    0.000000]   4 disabled
Feb  3 12:13:20 cu-cs-vm kernel: [    0.000000]   5 disabled
Feb  3 12:13:20 cu-cs-vm kernel: [    0.000000]   6 disabled
Feb  3 12:13:20 cu-cs-vm systemd[1]: Started Tell Plymouth To Write Out Runtime Data.
Feb  3 12:13:20 cu-cs-vm kernel: [    0.000000]   7 disabled
Feb  3 12:13:20 cu-cs-vm kernel: [    0.000000] x86/PAT: Configuration [0-7]: WB  WC  UC- UC  WB  WP  UC- WT  
Feb  3 12:13:20 cu-cs-vm kernel: [    0.000000] total RAM covered: 3072M
Feb  3 12:13:20 cu-cs-vm systemd[1]: Started Apply Kernel Variables.
Feb  3 12:13:20 cu-cs-vm kernel: [    0.000000] Found optimal setting for mtrr clean up
Feb  3 12:13:20 cu-cs-vm kernel: [    0.000000]  gran_size: 64K 	chunk_size: 64K 	num_reg: 2  	lose cover RAM: 0G
Feb  3 12:13:20 cu-cs-vm kernel: [    0.000000] found SMP MP-table at [mem 0x000f6a80-0x000f6a8f] mapped at [        (ptrval)]
Feb  3 12:13:20 cu-cs-vm kernel: [    0.000000] Scanning 1 areas for low memory corruption
Feb  3 12:13:20 cu-cs-vm systemd[1]: Started udev Coldplug all Devices.
Feb  3 12:13:20 cu-cs-vm kernel: [    0.000000] Base memory trampoline at [        (ptrval)] 98000 size 24576
Feb  3 12:13:20 cu-cs-vm kernel: [    0.000000] Using GB pages for direct mapping
Feb  3 12:13:20 cu-cs-vm kernel: [    0.000000] BRK [0x67f40000, 0x67f40fff] PGTABLE
Feb  3 12:13:20 cu-cs-vm kernel: [    0.000000] BRK [0x67f41000, 0x67f41fff] PGTABLE
Feb  3 12:13:20 cu-cs-vm kernel: [    0.000000] BRK [0x67f42000, 0x67f42fff] PGTABLE
Feb  3 12:13:20 cu-cs-vm systemd[1]: Started Flush Journal to Persistent Storage.
Feb  3 12:13:20 cu-cs-vm kernel: [    0.000000] BRK [0x67f43000, 0x67f43fff] PGTABLE
Feb  3 12:13:20 cu-cs-vm kernel: [    0.000000] BRK [0x67f44000, 0x67f44fff] PGTABLE
Feb  3 12:13:20 cu-cs-vm kernel: [    0.000000] BRK [0x67f45000, 0x67f45fff] PGTABLE
Feb  3 12:13:20 cu-cs-vm kernel: [    0.000000] RAMDISK: [mem 0x1d1cf000-0x37feffff]
Feb  3 12:13:20 cu-cs-vm kernel: [    0.000000] ACPI: Early table checksum verification disabled
Feb  3 12:13:20 cu-cs-vm kernel: [    0.000000] ACPI: RSDP 0x00000000000F6A10 000024 (v02 PTLTD )
Feb  3 12:13:20 cu-cs-vm systemd[1]: Starting Create Volatile Files and Directories...
Feb  3 12:13:20 cu-cs-vm kernel: [    0.000000] ACPI: XSDT 0x000000007FEE969F 000054 (v01 INTEL  440BX    06040000 VMW  01324272)
Feb  3 12:13:20 cu-cs-vm kernel: [    0.000000] ACPI: FACP 0x000000007FEFEE73 0000F4 (v04 INTEL  440BX    06040000 PTL  000F4240)
Feb  3 12:13:20 cu-cs-vm kernel: [    0.000000] ACPI: DSDT 0x000000007FEEB345 013B2E (v01 PTLTD  Custom   06040000 MSFT 03000001)
Feb  3 12:13:20 cu-cs-vm kernel: [    0.000000] ACPI: FACS 0x000000007FEFFFC0 000040
Feb  3 12:13:20 cu-cs-vm kernel: [    0.000000] ACPI: FACS 0x000000007FEFFFC0 000040
Feb  3 12:13:20 cu-cs-vm kernel: [    0.000000] ACPI: BOOT 0x000000007FEEB31D 000028 (v01 PTLTD  $SBFTBL$ 06040000  LTP 00000001)
Feb  3 12:13:20 cu-cs-vm systemd-tmpfiles[390]: [/usr/lib/tmpfiles.d/var.conf:14] Duplicate line for path "/var/log", ignoring.
Feb  3 12:13:20 cu-cs-vm kernel: [    0.000000] ACPI: APIC 0x000000007FEEA8BD 000742 (v01 PTLTD  ? APIC   06040000  LTP 00000000)
Feb  3 12:13:20 cu-cs-vm kernel: [    0.000000] ACPI: MCFG 0x000000007FEEA881 00003C (v01 PTLTD  $PCITBL$ 06040000  LTP 00000001)
Feb  3 12:13:20 cu-cs-vm kernel: [    0.000000] ACPI: SRAT 0x000000007FEE9757 0008A8 (v02 VMWARE MEMPLUG  06040000 VMW  00000001)
Feb  3 12:13:20 cu-cs-vm systemd[1]: Started Create Volatile Files and Directories.
Feb  3 12:13:20 cu-cs-vm kernel: [    0.000000] ACPI: WAET 0x000000007FEE972F 000028 (v01 VMWARE VMW WAET 06040000 VMW  00000001)
Feb  3 12:13:20 cu-cs-vm kernel: [    0.000000] ACPI: Local APIC address 0xfee00000
Feb  3 12:13:20 cu-cs-vm kernel: [    0.000000] system APIC only can use physical flat
Feb  3 12:13:20 cu-cs-vm kernel: [    0.000000] Setting APIC routing to physical flat.
Feb  3 12:13:20 cu-cs-vm kernel: [    0.000000] SRAT: PXM 0 -> APIC 0x00 -> Node 0
Feb  3 12:13:20 cu-cs-vm systemd[1]: Starting Network Time Synchronization...
Feb  3 12:13:20 cu-cs-vm kernel: [    0.000000] SRAT: PXM 0 -> APIC 0x02 -> Node 0
Feb  3 12:13:20 cu-cs-vm kernel: [    0.000000] SRAT: PXM 0 -> APIC 0x04 -> Node 0
Feb  3 12:13:20 cu-cs-vm kernel: [    0.000000] SRAT: PXM 0 -> APIC 0x06 -> Node 0
Feb  3 12:13:20 cu-cs-vm kernel: [    0.000000] SRAT: PXM 0 -> APIC 0x08 -> Node 0
Feb  3 12:13:20 cu-cs-vm systemd[1]: Starting Update UTMP about System Boot/Shutdown...
Feb  3 12:13:20 cu-cs-vm kernel: [    0.000000] SRAT: PXM 0 -> APIC 0x0a -> Node 0
Feb  3 12:13:20 cu-cs-vm systemd[1]: Started udev Kernel Device Manager.
Feb  3 12:13:20 cu-cs-vm kernel: [    0.000000] SRAT: PXM 0 -> APIC 0x0c -> Node 0
Feb  3 12:13:20 cu-cs-vm kernel: [    0.000000] SRAT: PXM 0 -> APIC 0x0e -> Node 0
Feb  3 12:13:20 cu-cs-vm kernel: [    0.000000] SRAT: PXM 0 -> APIC 0x10 -> Node 0
Feb  3 12:13:20 cu-cs-vm kernel: [    0.000000] SRAT: PXM 0 -> APIC 0x12 -> Node 0
Feb  3 12:13:20 cu-cs-vm kernel: [    0.000000] SRAT: PXM 0 -> APIC 0x14 -> Node 0
Feb  3 12:13:20 cu-cs-vm kernel: [    0.000000] SRAT: PXM 0 -> APIC 0x16 -> Node 0
Feb  3 12:13:20 cu-cs-vm systemd[1]: Started Dispatch Password Requests to Console Directory Watch.
Feb  3 12:13:20 cu-cs-vm kernel: [    0.000000] SRAT: PXM 0 -> APIC 0x18 -> Node 0
Feb  3 12:13:20 cu-cs-vm kernel: [    0.000000] SRAT: PXM 0 -> APIC 0x1a -> Node 0
Feb  3 12:13:20 cu-cs-vm kernel: [    0.000000] SRAT: PXM 0 -> APIC 0x1c -> Node 0
Feb  3 12:13:20 cu-cs-vm kernel: [    0.000000] SRAT: PXM 0 -> APIC 0x1e -> Node 0
Feb  3 12:13:20 cu-cs-vm systemd[1]: Mounted VMware vmblock fuse mount.
Feb  3 12:13:20 cu-cs-vm kernel: [    0.000000] SRAT: PXM 0 -> APIC 0x20 -> Node 0
Feb  3 12:13:20 cu-cs-vm kernel: [    0.000000] SRAT: PXM 0 -> APIC 0x22 -> Node 0
Feb  3 12:13:20 cu-cs-vm kernel: [    0.000000] SRAT: PXM 0 -> APIC 0x24 -> Node 0
Feb  3 12:13:20 cu-cs-vm kernel: [    0.000000] SRAT: PXM 0 -> APIC 0x26 -> Node 0
Feb  3 12:13:20 cu-cs-vm systemd[1]: Started Service for virtual machines hosted on VMware.
Feb  3 12:13:20 cu-cs-vm kernel: [    0.000000] SRAT: PXM 0 -> APIC 0x28 -> Node 0
Feb  3 12:13:20 cu-cs-vm kernel: [    0.000000] SRAT: PXM 0 -> APIC 0x2a -> Node 0
Feb  3 12:13:20 cu-cs-vm kernel: [    0.000000] SRAT: PXM 0 -> APIC 0x2c -> Node 0
Feb  3 12:13:20 cu-cs-vm systemd[1]: Started Update UTMP about System Boot/Shutdown.
Feb  3 12:13:20 cu-cs-vm kernel: [    0.000000] SRAT: PXM 0 -> APIC 0x2e -> Node 0
Feb  3 12:13:20 cu-cs-vm kernel: [    0.000000] SRAT: PXM 0 -> APIC 0x30 -> Node 0
Feb  3 12:13:20 cu-cs-vm kernel: [    0.000000] SRAT: PXM 0 -> APIC 0x32 -> Node 0
Feb  3 12:13:20 cu-cs-vm kernel: [    0.000000] SRAT: PXM 0 -> APIC 0x34 -> Node 0
Feb  3 12:13:20 cu-cs-vm kernel: [    0.000000] SRAT: PXM 0 -> APIC 0x36 -> Node 0
Feb  3 12:13:20 cu-cs-vm systemd[1]: Started Load/Save Random Seed.
Feb  3 12:13:20 cu-cs-vm kernel: [    0.000000] SRAT: PXM 0 -> APIC 0x38 -> Node 0
Feb  3 12:13:20 cu-cs-vm kernel: [    0.000000] SRAT: PXM 0 -> APIC 0x3a -> Node 0
Feb  3 12:13:20 cu-cs-vm systemd[1]: Started Network Time Synchronization.
Feb  3 12:13:20 cu-cs-vm systemd[1]: Reached target System Time Synchronized.
Feb  3 12:13:20 cu-cs-vm systemd[1]: Started Set console font and keymap.
Feb  3 12:13:20 cu-cs-vm systemd[1]: Created slice system-getty.slice.
Feb  3 12:13:20 cu-cs-vm systemd[1]: proc-sys-fs-binfmt_misc.automount: Got automount request for /proc/sys/fs/binfmt_misc, triggered by 373 (update-binfmts)
Feb  3 12:13:20 cu-cs-vm systemd[1]: Mounting Arbitrary Executable File Formats File System...
Feb  3 12:13:20 cu-cs-vm kernel: [    0.000000] SRAT: PXM 0 -> APIC 0x3c -> Node 0
Feb  3 12:13:20 cu-cs-vm systemd[1]: Mounted Arbitrary Executable File Formats File System.
Feb  3 12:13:20 cu-cs-vm kernel: [    0.000000] SRAT: PXM 0 -> APIC 0x3e -> Node 0
Feb  3 12:13:20 cu-cs-vm kernel: [    0.000000] SRAT: PXM 0 -> APIC 0x40 -> Node 0
Feb  3 12:13:20 cu-cs-vm kernel: [    0.000000] SRAT: PXM 0 -> APIC 0x42 -> Node 0
Feb  3 12:13:20 cu-cs-vm systemd[1]: Started Enable support for additional executable binary formats.
Feb  3 12:13:20 cu-cs-vm kernel: [    0.000000] SRAT: PXM 0 -> APIC 0x44 -> Node 0
Feb  3 12:13:20 cu-cs-vm kernel: [    0.000000] SRAT: PXM 0 -> APIC 0x46 -> Node 0
Feb  3 12:13:20 cu-cs-vm mtp-probe: checking bus 1, device 2: "/sys/devices/pci0000:00/0000:00:11.0/0000:02:02.0/usb1/1-1"
Feb  3 12:13:20 cu-cs-vm kernel: [    0.000000] SRAT: PXM 0 -> APIC 0x48 -> Node 0
Feb  3 12:13:20 cu-cs-vm kernel: [    0.000000] SRAT: PXM 0 -> APIC 0x4a -> Node 0
Feb  3 12:13:20 cu-cs-vm kernel: [    0.000000] SRAT: PXM 0 -> APIC 0x4c -> Node 0
Feb  3 12:13:20 cu-cs-vm kernel: [    0.000000] SRAT: PXM 0 -> APIC 0x4e -> Node 0
Feb  3 12:13:20 cu-cs-vm kernel: [    0.000000] SRAT: PXM 0 -> APIC 0x50 -> Node 0
Feb  3 12:13:20 cu-cs-vm mtp-probe: checking bus 2, device 2: "/sys/devices/pci0000:00/0000:00:11.0/0000:02:00.0/usb2/2-1"
Feb  3 12:13:20 cu-cs-vm kernel: [    0.000000] SRAT: PXM 0 -> APIC 0x52 -> Node 0
Feb  3 12:13:20 cu-cs-vm kernel: [    0.000000] SRAT: PXM 0 -> APIC 0x54 -> Node 0
Feb  3 12:13:20 cu-cs-vm kernel: [    0.000000] SRAT: PXM 0 -> APIC 0x56 -> Node 0
Feb  3 12:13:20 cu-cs-vm kernel: [    0.000000] SRAT: PXM 0 -> APIC 0x58 -> Node 0
Feb  3 12:13:20 cu-cs-vm mtp-probe: bus: 2, device: 2 was not an MTP device
Feb  3 12:13:20 cu-cs-vm kernel: [    0.000000] SRAT: PXM 0 -> APIC 0x5a -> Node 0
Feb  3 12:13:20 cu-cs-vm kernel: [    0.000000] SRAT: PXM 0 -> APIC 0x5c -> Node 0
Feb  3 12:13:20 cu-cs-vm kernel: [    0.000000] SRAT: PXM 0 -> APIC 0x5e -> Node 0
Feb  3 12:13:20 cu-cs-vm kernel: [    0.000000] SRAT: PXM 0 -> APIC 0x60 -> Node 0
Feb  3 12:13:20 cu-cs-vm mtp-probe: bus: 1, device: 2 was not an MTP device
Feb  3 12:13:20 cu-cs-vm apparmor[372]:  * Starting AppArmor profiles
Feb  3 12:13:20 cu-cs-vm systemd[1]: Listening on Load/Save RF Kill Switch Status /dev/rfkill Watch.
Feb  3 12:13:20 cu-cs-vm systemd[1]: Time has been changed
Feb  3 12:13:20 cu-cs-vm systemd[1]: Found device VMware_Virtual_S 5.
Feb  3 12:13:20 cu-cs-vm systemd[1]: Activating swap /dev/disk/by-uuid/4f6f25d8-6004-459b-b46c-f0f3c3d0de9b...
Feb  3 12:13:20 cu-cs-vm apparmor[372]: Skipping profile in /etc/apparmor.d/disable: usr.bin.firefox
Feb  3 12:13:20 cu-cs-vm systemd[1]: Activated swap /dev/disk/by-uuid/4f6f25d8-6004-459b-b46c-f0f3c3d0de9b.
Feb  3 12:13:20 cu-cs-vm systemd[1]: Reached target Swap.
Feb  3 12:13:20 cu-cs-vm apparmor[372]: Skipping profile in /etc/apparmor.d/disable: usr.sbin.rsyslogd
Feb  3 12:13:20 cu-cs-vm apparmor[372]:    ...done.
Feb  3 12:13:20 cu-cs-vm systemd[1]: Started LSB: AppArmor initialization.
Feb  3 12:13:20 cu-cs-vm systemd[1]: Starting Raise network interfaces...
Feb  3 12:13:20 cu-cs-vm systemd[1]: Reached target System Initialization.
Feb  3 12:13:20 cu-cs-vm systemd[1]: Started Daily apt download activities.
Feb  3 12:13:20 cu-cs-vm systemd[1]: Started CUPS Scheduler.
Feb  3 12:13:20 cu-cs-vm systemd[1]: Listening on D-Bus System Message Bus Socket.
Feb  3 12:13:20 cu-cs-vm systemd[1]: Starting Socket activation for snappy daemon.
Feb  3 12:13:20 cu-cs-vm systemd[1]: Listening on ACPID Listen Socket.
Feb  3 12:13:20 cu-cs-vm systemd[1]: Listening on Avahi mDNS/DNS-SD Stack Activation Socket.
Feb  3 12:13:20 cu-cs-vm systemd[1]: Started Daily Cleanup of Temporary Directories.
Feb  3 12:13:20 cu-cs-vm systemd[1]: Listening on UUID daemon activation socket.
Feb  3 12:13:20 cu-cs-vm systemd[1]: Listening on CUPS Scheduler.
Feb  3 12:13:20 cu-cs-vm systemd[1]: Started Daily apt upgrade and clean activities.
Feb  3 12:13:20 cu-cs-vm systemd[1]: Reached target Timers.
Feb  3 12:13:20 cu-cs-vm systemd[1]: Started ACPI Events Check.
Feb  3 12:13:20 cu-cs-vm systemd[1]: Reached target Paths.
Feb  3 12:13:20 cu-cs-vm systemd[1]: Listening on Socket activation for snappy daemon.
Feb  3 12:13:20 cu-cs-vm systemd[1]: Reached target Sockets.
Feb  3 12:13:20 cu-cs-vm kernel: [    0.000000] SRAT: PXM 0 -> APIC 0x62 -> Node 0
Feb  3 12:13:20 cu-cs-vm systemd[1]: Reached target Basic System.
Feb  3 12:13:20 cu-cs-vm kernel: [    0.000000] SRAT: PXM 0 -> APIC 0x64 -> Node 0
Feb  3 12:13:20 cu-cs-vm kernel: [    0.000000] SRAT: PXM 0 -> APIC 0x66 -> Node 0
Feb  3 12:13:20 cu-cs-vm systemd[1]: Starting Avahi mDNS/DNS-SD Stack...
Feb  3 12:13:20 cu-cs-vm kernel: [    0.000000] SRAT: PXM 0 -> APIC 0x68 -> Node 0
Feb  3 12:13:20 cu-cs-vm kernel: [    0.000000] SRAT: PXM 0 -> APIC 0x6a -> Node 0
Feb  3 12:13:20 cu-cs-vm kernel: [    0.000000] SRAT: PXM 0 -> APIC 0x6c -> Node 0
Feb  3 12:13:20 cu-cs-vm kernel: [    0.000000] SRAT: PXM 0 -> APIC 0x6e -> Node 0
Feb  3 12:13:20 cu-cs-vm kernel: [    0.000000] SRAT: PXM 0 -> APIC 0x70 -> Node 0
Feb  3 12:13:20 cu-cs-vm systemd[1]: Starting LSB: Set the CPU Frequency Scaling governor to "ondemand"...
Feb  3 12:13:20 cu-cs-vm kernel: [    0.000000] SRAT: PXM 0 -> APIC 0x72 -> Node 0
Feb  3 12:13:20 cu-cs-vm kernel: [    0.000000] SRAT: PXM 0 -> APIC 0x74 -> Node 0
Feb  3 12:13:20 cu-cs-vm kernel: [    0.000000] SRAT: PXM 0 -> APIC 0x76 -> Node 0
Feb  3 12:13:20 cu-cs-vm avahi-daemon[677]: Found user 'avahi' (UID 111) and group 'avahi' (GID 120).
Feb  3 12:13:20 cu-cs-vm kernel: [    0.000000] SRAT: PXM 0 -> APIC 0x78 -> Node 0
Feb  3 12:13:20 cu-cs-vm kernel: [    0.000000] SRAT: PXM 0 -> APIC 0x7a -> Node 0
Feb  3 12:13:20 cu-cs-vm kernel: [    0.000000] SRAT: PXM 0 -> APIC 0x7c -> Node 0
Feb  3 12:13:20 cu-cs-vm systemd[1]: Started Regular background program processing daemon.
Feb  3 12:13:20 cu-cs-vm kernel: [    0.000000] SRAT: PXM 0 -> APIC 0x7e -> Node 0
Feb  3 12:13:20 cu-cs-vm kernel: [    0.000000] SRAT: PXM 0 -> APIC 0x80 -> Node 0
Feb  3 12:13:20 cu-cs-vm kernel: [    0.000000] SRAT: PXM 0 -> APIC 0x82 -> Node 0
Feb  3 12:13:20 cu-cs-vm kernel: [    0.000000] SRAT: PXM 0 -> APIC 0x84 -> Node 0
Feb  3 12:13:20 cu-cs-vm kernel: [    0.000000] SRAT: PXM 0 -> APIC 0x86 -> Node 0
Feb  3 12:13:20 cu-cs-vm kernel: [    0.000000] SRAT: PXM 0 -> APIC 0x88 -> Node 0
Feb  3 12:13:20 cu-cs-vm avahi-daemon[677]: Successfully dropped root privileges.
Feb  3 12:13:20 cu-cs-vm kernel: [    0.000000] SRAT: PXM 0 -> APIC 0x8a -> Node 0
Feb  3 12:13:20 cu-cs-vm kernel: [    0.000000] SRAT: PXM 0 -> APIC 0x8c -> Node 0
Feb  3 12:13:20 cu-cs-vm kernel: [    0.000000] SRAT: PXM 0 -> APIC 0x8e -> Node 0
Feb  3 12:13:20 cu-cs-vm avahi-daemon[677]: avahi-daemon 0.6.32-rc starting up.
Feb  3 12:13:20 cu-cs-vm systemd[1]: Starting LSB: Speech Dispatcher...
Feb  3 12:13:20 cu-cs-vm systemd[1]: Started uptime record daemon.
Feb  3 12:13:20 cu-cs-vm systemd[1]: Starting LSB: Record successful boot for GRUB...
Feb  3 12:13:20 cu-cs-vm systemd[1]: Starting LSB: Execute the kexec -e command to reboot system...
Feb  3 12:13:20 cu-cs-vm kernel: [    0.000000] SRAT: PXM 0 -> APIC 0x90 -> Node 0
Feb  3 12:13:20 cu-cs-vm systemd[1]: Started D-Bus System Message Bus.
Feb  3 12:13:20 cu-cs-vm kernel: [    0.000000] SRAT: PXM 0 -> APIC 0x92 -> Node 0
Feb  3 12:13:20 cu-cs-vm kernel: [    0.000000] SRAT: PXM 0 -> APIC 0x94 -> Node 0
Feb  3 12:13:20 cu-cs-vm kernel: [    0.000000] SRAT: PXM 0 -> APIC 0x96 -> Node 0
Feb  3 12:13:20 cu-cs-vm cron[683]: (CRON) INFO (pidfile fd = 3)
Feb  3 12:13:20 cu-cs-vm kernel: [    0.000000] SRAT: PXM 0 -> APIC 0x98 -> Node 0
Feb  3 12:13:20 cu-cs-vm kernel: [    0.000000] SRAT: PXM 0 -> APIC 0x9a -> Node 0
Feb  3 12:13:20 cu-cs-vm kernel: [    0.000000] SRAT: PXM 0 -> APIC 0x9c -> Node 0
Feb  3 12:13:20 cu-cs-vm kernel: [    0.000000] SRAT: PXM 0 -> APIC 0x9e -> Node 0
Feb  3 12:13:20 cu-cs-vm cron[683]: (CRON) INFO (Running @reboot jobs)
Feb  3 12:13:20 cu-cs-vm kernel: [    0.000000] SRAT: PXM 0 -> APIC 0xa0 -> Node 0
Feb  3 12:13:20 cu-cs-vm kernel: [    0.000000] SRAT: PXM 0 -> APIC 0xa2 -> Node 0
Feb  3 12:13:20 cu-cs-vm kernel: [    0.000000] SRAT: PXM 0 -> APIC 0xa4 -> Node 0
Feb  3 12:13:20 cu-cs-vm kernel: [    0.000000] SRAT: PXM 0 -> APIC 0xa6 -> Node 0
Feb  3 12:13:20 cu-cs-vm kernel: [    0.000000] SRAT: PXM 0 -> APIC 0xa8 -> Node 0
Feb  3 12:13:20 cu-cs-vm kernel: [    0.000000] SRAT: PXM 0 -> APIC 0xaa -> Node 0
Feb  3 12:13:20 cu-cs-vm dbus[699]: [system] AppArmor D-Bus mediation is enabled
Feb  3 12:13:20 cu-cs-vm kernel: [    0.000000] SRAT: PXM 0 -> APIC 0xac -> Node 0
Feb  3 12:13:20 cu-cs-vm kernel: [    0.000000] SRAT: PXM 0 -> APIC 0xae -> Node 0
Feb  3 12:13:20 cu-cs-vm kernel: [    0.000000] SRAT: PXM 0 -> APIC 0xb0 -> Node 0
Feb  3 12:13:20 cu-cs-vm avahi-daemon[677]: Successfully called chroot().
Feb  3 12:13:20 cu-cs-vm kernel: [    0.000000] SRAT: PXM 0 -> APIC 0xb2 -> Node 0
Feb  3 12:13:20 cu-cs-vm kernel: [    0.000000] SRAT: PXM 0 -> APIC 0xb4 -> Node 0
Feb  3 12:13:20 cu-cs-vm kernel: [    0.000000] SRAT: PXM 0 -> APIC 0xb6 -> Node 0
Feb  3 12:13:20 cu-cs-vm avahi-daemon[677]: Successfully dropped remaining capabilities.
Feb  3 12:13:20 cu-cs-vm kernel: [    0.000000] SRAT: PXM 0 -> APIC 0xb8 -> Node 0
Feb  3 12:13:20 cu-cs-vm kernel: [    0.000000] SRAT: PXM 0 -> APIC 0xba -> Node 0
Feb  3 12:13:20 cu-cs-vm kernel: [    0.000000] SRAT: PXM 0 -> APIC 0xbc -> Node 0
Feb  3 12:13:20 cu-cs-vm kernel: [    0.000000] SRAT: PXM 0 -> APIC 0xbe -> Node 0
Feb  3 12:13:20 cu-cs-vm kernel: [    0.000000] SRAT: PXM 0 -> APIC 0xc0 -> Node 0
Feb  3 12:13:20 cu-cs-vm kernel: [    0.000000] SRAT: PXM 0 -> APIC 0xc2 -> Node 0
Feb  3 12:13:20 cu-cs-vm avahi-daemon[677]: No service file found in /etc/avahi/services.
Feb  3 12:13:20 cu-cs-vm kernel: [    0.000000] SRAT: PXM 0 -> APIC 0xc4 -> Node 0
Feb  3 12:13:20 cu-cs-vm kernel: [    0.000000] SRAT: PXM 0 -> APIC 0xc6 -> Node 0
Feb  3 12:13:20 cu-cs-vm kernel: [    0.000000] SRAT: PXM 0 -> APIC 0xc8 -> Node 0
Feb  3 12:13:20 cu-cs-vm kernel: [    0.000000] SRAT: PXM 0 -> APIC 0xca -> Node 0
Feb  3 12:13:20 cu-cs-vm kernel: [    0.000000] SRAT: PXM 0 -> APIC 0xcc -> Node 0
Feb  3 12:13:20 cu-cs-vm kernel: [    0.000000] SRAT: PXM 0 -> APIC 0xce -> Node 0
Feb  3 12:13:20 cu-cs-vm avahi-daemon[677]: Network interface enumeration completed.
Feb  3 12:13:20 cu-cs-vm kernel: [    0.000000] SRAT: PXM 0 -> APIC 0xd0 -> Node 0
Feb  3 12:13:20 cu-cs-vm kernel: [    0.000000] SRAT: PXM 0 -> APIC 0xd2 -> Node 0
Feb  3 12:13:20 cu-cs-vm kernel: [    0.000000] SRAT: PXM 0 -> APIC 0xd4 -> Node 0
Feb  3 12:13:20 cu-cs-vm kernel: [    0.000000] SRAT: PXM 0 -> APIC 0xd6 -> Node 0
Feb  3 12:13:20 cu-cs-vm kernel: [    0.000000] SRAT: PXM 0 -> APIC 0xd8 -> Node 0
Feb  3 12:13:20 cu-cs-vm avahi-daemon[677]: Server startup complete. Host name is cu-cs-vm.local. Local service cookie is 2171332845.
Feb  3 12:13:20 cu-cs-vm systemd[1]: Started Avahi mDNS/DNS-SD Stack.
Feb  3 12:13:20 cu-cs-vm kernel: [    0.000000] SRAT: PXM 0 -> APIC 0xda -> Node 0
Feb  3 12:13:20 cu-cs-vm systemd[1]: Starting LSB: daemon to balance interrupts for SMP systems...
Feb  3 12:13:20 cu-cs-vm kernel: [    0.000000] SRAT: PXM 0 -> APIC 0xdc -> Node 0
Feb  3 12:13:20 cu-cs-vm kernel: [    0.000000] SRAT: PXM 0 -> APIC 0xde -> Node 0
Feb  3 12:13:20 cu-cs-vm kernel: [    0.000000] SRAT: PXM 0 -> APIC 0xe0 -> Node 0
Feb  3 12:13:20 cu-cs-vm kernel: [    0.000000] SRAT: PXM 0 -> APIC 0xe2 -> Node 0
Feb  3 12:13:20 cu-cs-vm kernel: [    0.000000] SRAT: PXM 0 -> APIC 0xe4 -> Node 0
Feb  3 12:13:20 cu-cs-vm systemd[1]: Starting Login Service...
Feb  3 12:13:20 cu-cs-vm kernel: [    0.000000] SRAT: PXM 0 -> APIC 0xe6 -> Node 0
Feb  3 12:13:20 cu-cs-vm kernel: [    0.000000] SRAT: PXM 0 -> APIC 0xe8 -> Node 0
Feb  3 12:13:20 cu-cs-vm kernel: [    0.000000] SRAT: PXM 0 -> APIC 0xea -> Node 0
Feb  3 12:13:20 cu-cs-vm kernel: [    0.000000] SRAT: PXM 0 -> APIC 0xec -> Node 0
Feb  3 12:13:20 cu-cs-vm kernel: [    0.000000] SRAT: PXM 0 -> APIC 0xee -> Node 0
Feb  3 12:13:20 cu-cs-vm kernel: [    0.000000] SRAT: PXM 0 -> APIC 0xf0 -> Node 0
Feb  3 12:13:20 cu-cs-vm systemd[1]: Starting System Logging Service...
Feb  3 12:13:20 cu-cs-vm kernel: [    0.000000] SRAT: PXM 0 -> APIC 0xf2 -> Node 0
Feb  3 12:13:20 cu-cs-vm kernel: [    0.000000] SRAT: PXM 0 -> APIC 0xf4 -> Node 0
Feb  3 12:13:20 cu-cs-vm kernel: [    0.000000] SRAT: PXM 0 -> APIC 0xf6 -> Node 0
Feb  3 12:13:20 cu-cs-vm kernel: [    0.000000] SRAT: PXM 0 -> APIC 0xf8 -> Node 0
Feb  3 12:13:20 cu-cs-vm kernel: [    0.000000] SRAT: PXM 0 -> APIC 0xfa -> Node 0
Feb  3 12:13:20 cu-cs-vm systemd[1]: Starting LSB: automatic crash report generation...
Feb  3 12:13:20 cu-cs-vm kernel: [    0.000000] SRAT: PXM 0 -> APIC 0xfc -> Node 0
Feb  3 12:13:20 cu-cs-vm systemd[1]: Starting Snappy daemon...
Feb  3 12:13:20 cu-cs-vm kernel: [    0.000000] SRAT: PXM 0 -> APIC 0xfe -> Node 0
Feb  3 12:13:20 cu-cs-vm kernel: [    0.000000] ACPI: SRAT: Node 0 PXM 0 [mem 0x00000000-0x0009ffff]
Feb  3 12:13:20 cu-cs-vm kernel: [    0.000000] ACPI: SRAT: Node 0 PXM 0 [mem 0x00100000-0x7fffffff]
Feb  3 12:13:20 cu-cs-vm kernel: [    0.000000] ACPI: SRAT: Node 0 PXM 0 [mem 0x80000000-0xbfffffff] hotplug
Feb  3 12:13:20 cu-cs-vm kernel: [    0.000000] NUMA: Node 0 [mem 0x00000000-0x0009ffff] + [mem 0x00100000-0x7fffffff] -> [mem 0x00000000-0x7fffffff]
Feb  3 12:13:20 cu-cs-vm systemd[1]: Starting Thermal Daemon Service...
Feb  3 12:13:20 cu-cs-vm kernel: [    0.000000] NODE_DATA(0) allocated [mem 0x7ffd5000-0x7fffffff]
Feb  3 12:13:20 cu-cs-vm systemd[1]: Started CUPS Scheduler.
Feb  3 12:13:20 cu-cs-vm kernel: [    0.000000] Zone ranges:
Feb  3 12:13:20 cu-cs-vm kernel: [    0.000000]   DMA      [mem 0x0000000000001000-0x0000000000ffffff]
Feb  3 12:13:20 cu-cs-vm kernel: [    0.000000]   DMA32    [mem 0x0000000001000000-0x000000007fffffff]
Feb  3 12:13:20 cu-cs-vm kernel: [    0.000000]   Normal   empty
Feb  3 12:13:20 cu-cs-vm kernel: [    0.000000]   Device   empty
Feb  3 12:13:20 cu-cs-vm systemd[1]: Started Make remote CUPS printers available locally.
Feb  3 12:13:20 cu-cs-vm kernel: [    0.000000] Movable zone start for each node
Feb  3 12:13:20 cu-cs-vm kernel: [    0.000000] Early memory node ranges
Feb  3 12:13:20 cu-cs-vm kernel: [    0.000000]   node   0: [mem 0x0000000000001000-0x000000000009dfff]
Feb  3 12:13:20 cu-cs-vm kernel: [    0.000000]   node   0: [mem 0x0000000000100000-0x000000007fedffff]
Feb  3 12:13:20 cu-cs-vm kernel: [    0.000000]   node   0: [mem 0x000000007ff00000-0x000000007fffffff]
Feb  3 12:13:20 cu-cs-vm systemd[1]: Started Run anacron jobs.
Feb  3 12:13:20 cu-cs-vm kernel: [    0.000000] Initmem setup node 0 [mem 0x0000000000001000-0x000000007fffffff]
Feb  3 12:13:20 cu-cs-vm systemd[1]: Starting Network Manager...
Feb  3 12:13:20 cu-cs-vm kernel: [    0.000000] On node 0 totalpages: 524157
Feb  3 12:13:20 cu-cs-vm kernel: [    0.000000]   DMA zone: 64 pages used for memmap
Feb  3 12:13:20 cu-cs-vm kernel: [    0.000000]   DMA zone: 21 pages reserved
Feb  3 12:13:20 cu-cs-vm kernel: [    0.000000]   DMA zone: 3997 pages, LIFO batch:0
Feb  3 12:13:20 cu-cs-vm kernel: [    0.000000]   DMA32 zone: 8128 pages used for memmap
Feb  3 12:13:20 cu-cs-vm kernel: [    0.000000]   DMA32 zone: 520160 pages, LIFO batch:31
Feb  3 12:13:20 cu-cs-vm systemd[1]: Starting Restore /etc/resolv.conf if the system crashed before the ppp link was shut down...
Feb  3 12:13:20 cu-cs-vm kernel: [    0.000000] Reserved but unavailable: 99 pages
Feb  3 12:13:20 cu-cs-vm kernel: [    0.000000] ACPI: PM-Timer IO Port: 0x1008
Feb  3 12:13:20 cu-cs-vm systemd[1]: Starting Detect the available GPUs and deal with any system changes...
Feb  3 12:13:20 cu-cs-vm kernel: [    0.000000] ACPI: Local APIC address 0xfee00000
Feb  3 12:13:20 cu-cs-vm kernel: [    0.000000] system APIC only can use physical flat
Feb  3 12:13:20 cu-cs-vm kernel: [    0.000000] ACPI: LAPIC_NMI (acpi_id[0x00] high edge lint[0x1])
Feb  3 12:13:20 cu-cs-vm kernel: [    0.000000] ACPI: LAPIC_NMI (acpi_id[0x01] high edge lint[0x1])
Feb  3 12:13:20 cu-cs-vm anacron[720]: Anacron 2.3 started on 2019-02-03
Feb  3 12:13:20 cu-cs-vm kernel: [    0.000000] ACPI: LAPIC_NMI (acpi_id[0x02] high edge lint[0x1])
Feb  3 12:13:20 cu-cs-vm kernel: [    0.000000] ACPI: LAPIC_NMI (acpi_id[0x03] high edge lint[0x1])
Feb  3 12:13:20 cu-cs-vm kernel: [    0.000000] ACPI: LAPIC_NMI (acpi_id[0x04] high edge lint[0x1])
Feb  3 12:13:20 cu-cs-vm kernel: [    0.000000] ACPI: LAPIC_NMI (acpi_id[0x05] high edge lint[0x1])
Feb  3 12:13:20 cu-cs-vm kernel: [    0.000000] ACPI: LAPIC_NMI (acpi_id[0x06] high edge lint[0x1])
Feb  3 12:13:20 cu-cs-vm kernel: [    0.000000] ACPI: LAPIC_NMI (acpi_id[0x07] high edge lint[0x1])
Feb  3 12:13:20 cu-cs-vm anacron[720]: Normal exit (0 jobs run)
Feb  3 12:13:20 cu-cs-vm kernel: [    0.000000] ACPI: LAPIC_NMI (acpi_id[0x08] high edge lint[0x1])
Feb  3 12:13:20 cu-cs-vm kernel: [    0.000000] ACPI: LAPIC_NMI (acpi_id[0x09] high edge lint[0x1])
Feb  3 12:13:20 cu-cs-vm kernel: [    0.000000] ACPI: LAPIC_NMI (acpi_id[0x0a] high edge lint[0x1])
Feb  3 12:13:20 cu-cs-vm kernel: [    0.000000] ACPI: LAPIC_NMI (acpi_id[0x0b] high edge lint[0x1])
Feb  3 12:13:20 cu-cs-vm gpu-manager[728]: /etc/modprobe.d is not a file
Feb  3 12:13:20 cu-cs-vm kernel: [    0.000000] ACPI: LAPIC_NMI (acpi_id[0x0c] high edge lint[0x1])
Feb  3 12:13:20 cu-cs-vm kernel: [    0.000000] ACPI: LAPIC_NMI (acpi_id[0x0d] high edge lint[0x1])
Feb  3 12:13:20 cu-cs-vm kernel: [    0.000000] ACPI: LAPIC_NMI (acpi_id[0x0e] high edge lint[0x1])
Feb  3 12:13:20 cu-cs-vm kernel: [    0.000000] ACPI: LAPIC_NMI (acpi_id[0x0f] high edge lint[0x1])
Feb  3 12:13:20 cu-cs-vm kernel: [    0.000000] ACPI: LAPIC_NMI (acpi_id[0x10] high edge lint[0x1])
Feb  3 12:13:20 cu-cs-vm kernel: [    0.000000] ACPI: LAPIC_NMI (acpi_id[0x11] high edge lint[0x1])
Feb  3 12:13:20 cu-cs-vm kernel: [    0.000000] ACPI: LAPIC_NMI (acpi_id[0x12] high edge lint[0x1])
Feb  3 12:13:20 cu-cs-vm kernel: [    0.000000] ACPI: LAPIC_NMI (acpi_id[0x13] high edge lint[0x1])
Feb  3 12:13:20 cu-cs-vm kernel: [    0.000000] ACPI: LAPIC_NMI (acpi_id[0x14] high edge lint[0x1])
Feb  3 12:13:20 cu-cs-vm kernel: [    0.000000] ACPI: LAPIC_NMI (acpi_id[0x15] high edge lint[0x1])
Feb  3 12:13:20 cu-cs-vm kernel: [    0.000000] ACPI: LAPIC_NMI (acpi_id[0x16] high edge lint[0x1])
Feb  3 12:13:20 cu-cs-vm kernel: [    0.000000] ACPI: LAPIC_NMI (acpi_id[0x17] high edge lint[0x1])
Feb  3 12:13:20 cu-cs-vm kernel: [    0.000000] ACPI: LAPIC_NMI (acpi_id[0x18] high edge lint[0x1])
Feb  3 12:13:20 cu-cs-vm kernel: [    0.000000] ACPI: LAPIC_NMI (acpi_id[0x19] high edge lint[0x1])
Feb  3 12:13:20 cu-cs-vm kernel: [    0.000000] ACPI: LAPIC_NMI (acpi_id[0x1a] high edge lint[0x1])
Feb  3 12:13:20 cu-cs-vm kernel: [    0.000000] ACPI: LAPIC_NMI (acpi_id[0x1b] high edge lint[0x1])
Feb  3 12:13:20 cu-cs-vm kernel: [    0.000000] ACPI: LAPIC_NMI (acpi_id[0x1c] high edge lint[0x1])
Feb  3 12:13:20 cu-cs-vm kernel: [    0.000000] ACPI: LAPIC_NMI (acpi_id[0x1d] high edge lint[0x1])
Feb  3 12:13:20 cu-cs-vm kernel: [    0.000000] ACPI: LAPIC_NMI (acpi_id[0x1e] high edge lint[0x1])
Feb  3 12:13:20 cu-cs-vm kernel: [    0.000000] ACPI: LAPIC_NMI (acpi_id[0x1f] high edge lint[0x1])
Feb  3 12:13:20 cu-cs-vm kernel: [    0.000000] ACPI: LAPIC_NMI (acpi_id[0x20] high edge lint[0x1])
Feb  3 12:13:20 cu-cs-vm gpu-manager[728]: message repeated 3 times: [ /etc/modprobe.d is not a file]
Feb  3 12:13:20 cu-cs-vm systemd[1]: Started ACPI event daemon.
Feb  3 12:13:20 cu-cs-vm systemd[1]: Started Authentication service for virtual machines hosted on VMware.
Feb  3 12:13:20 cu-cs-vm systemd[1]: Starting Accounts Service...
Feb  3 12:13:20 cu-cs-vm gpu-manager[728]: /etc/modprobe.d is not a file
Feb  3 12:13:20 cu-cs-vm systemd[1]: Starting Permit User Sessions...
Feb  3 12:13:20 cu-cs-vm systemd[1]: Starting LSB: Start/stop sysstat's sadc...
Feb  3 12:13:20 cu-cs-vm gpu-manager[728]: Error: can't open /lib/modules/4.15.18yay/updates/dkms
Feb  3 12:13:20 cu-cs-vm systemd[1]: Started Deferred execution scheduler.
Feb  3 12:13:20 cu-cs-vm kernel: [    0.000000] ACPI: LAPIC_NMI (acpi_id[0x21] high edge lint[0x1])
Feb  3 12:13:20 cu-cs-vm kernel: [    0.000000] ACPI: LAPIC_NMI (acpi_id[0x22] high edge lint[0x1])
Feb  3 12:13:20 cu-cs-vm kernel: [    0.000000] ACPI: LAPIC_NMI (acpi_id[0x23] high edge lint[0x1])
Feb  3 12:13:20 cu-cs-vm kernel: [    0.000000] ACPI: LAPIC_NMI (acpi_id[0x24] high edge lint[0x1])
Feb  3 12:13:20 cu-cs-vm kernel: [    0.000000] ACPI: LAPIC_NMI (acpi_id[0x25] high edge lint[0x1])
Feb  3 12:13:20 cu-cs-vm kernel: [    0.000000] ACPI: LAPIC_NMI (acpi_id[0x26] high edge lint[0x1])
Feb  3 12:13:20 cu-cs-vm kernel: [    0.000000] ACPI: LAPIC_NMI (acpi_id[0x27] high edge lint[0x1])
Feb  3 12:13:20 cu-cs-vm kernel: [    0.000000] ACPI: LAPIC_NMI (acpi_id[0x28] high edge lint[0x1])
Feb  3 12:13:20 cu-cs-vm kernel: [    0.000000] ACPI: LAPIC_NMI (acpi_id[0x29] high edge lint[0x1])
Feb  3 12:13:20 cu-cs-vm kernel: [    0.000000] ACPI: LAPIC_NMI (acpi_id[0x2a] high edge lint[0x1])
Feb  3 12:13:20 cu-cs-vm kernel: [    0.000000] ACPI: LAPIC_NMI (acpi_id[0x2b] high edge lint[0x1])
Feb  3 12:13:20 cu-cs-vm kernel: [    0.000000] ACPI: LAPIC_NMI (acpi_id[0x2c] high edge lint[0x1])
Feb  3 12:13:20 cu-cs-vm kernel: [    0.000000] ACPI: LAPIC_NMI (acpi_id[0x2d] high edge lint[0x1])
Feb  3 12:13:20 cu-cs-vm kernel: [    0.000000] ACPI: LAPIC_NMI (acpi_id[0x2e] high edge lint[0x1])
Feb  3 12:13:20 cu-cs-vm kernel: [    0.000000] ACPI: LAPIC_NMI (acpi_id[0x2f] high edge lint[0x1])
Feb  3 12:13:20 cu-cs-vm kernel: [    0.000000] ACPI: LAPIC_NMI (acpi_id[0x30] high edge lint[0x1])
Feb  3 12:13:20 cu-cs-vm kernel: [    0.000000] ACPI: LAPIC_NMI (acpi_id[0x31] high edge lint[0x1])
Feb  3 12:13:20 cu-cs-vm kernel: [    0.000000] ACPI: LAPIC_NMI (acpi_id[0x32] high edge lint[0x1])
Feb  3 12:13:20 cu-cs-vm kernel: [    0.000000] ACPI: LAPIC_NMI (acpi_id[0x33] high edge lint[0x1])
Feb  3 12:13:20 cu-cs-vm kernel: [    0.000000] ACPI: LAPIC_NMI (acpi_id[0x34] high edge lint[0x1])
Feb  3 12:13:20 cu-cs-vm kernel: [    0.000000] ACPI: LAPIC_NMI (acpi_id[0x35] high edge lint[0x1])
Feb  3 12:13:20 cu-cs-vm kernel: [    0.000000] ACPI: LAPIC_NMI (acpi_id[0x36] high edge lint[0x1])
Feb  3 12:13:20 cu-cs-vm kernel: [    0.000000] ACPI: LAPIC_NMI (acpi_id[0x37] high edge lint[0x1])
Feb  3 12:13:20 cu-cs-vm kernel: [    0.000000] ACPI: LAPIC_NMI (acpi_id[0x38] high edge lint[0x1])
Feb  3 12:13:20 cu-cs-vm kernel: [    0.000000] ACPI: LAPIC_NMI (acpi_id[0x39] high edge lint[0x1])
Feb  3 12:13:20 cu-cs-vm kernel: [    0.000000] ACPI: LAPIC_NMI (acpi_id[0x3a] high edge lint[0x1])
Feb  3 12:13:20 cu-cs-vm kernel: [    0.000000] ACPI: LAPIC_NMI (acpi_id[0x3b] high edge lint[0x1])
Feb  3 12:13:20 cu-cs-vm kernel: [    0.000000] ACPI: LAPIC_NMI (acpi_id[0x3c] high edge lint[0x1])
Feb  3 12:13:20 cu-cs-vm kernel: [    0.000000] ACPI: LAPIC_NMI (acpi_id[0x3d] high edge lint[0x1])
Feb  3 12:13:20 cu-cs-vm kernel: [    0.000000] ACPI: LAPIC_NMI (acpi_id[0x3e] high edge lint[0x1])
Feb  3 12:13:20 cu-cs-vm kernel: [    0.000000] ACPI: LAPIC_NMI (acpi_id[0x3f] high edge lint[0x1])
Feb  3 12:13:20 cu-cs-vm kernel: [    0.000000] ACPI: LAPIC_NMI (acpi_id[0x40] high edge lint[0x1])
Feb  3 12:13:20 cu-cs-vm kernel: [    0.000000] ACPI: LAPIC_NMI (acpi_id[0x41] high edge lint[0x1])
Feb  3 12:13:20 cu-cs-vm kernel: [    0.000000] ACPI: LAPIC_NMI (acpi_id[0x42] high edge lint[0x1])
Feb  3 12:13:20 cu-cs-vm kernel: [    0.000000] ACPI: LAPIC_NMI (acpi_id[0x43] high edge lint[0x1])
Feb  3 12:13:20 cu-cs-vm kernel: [    0.000000] ACPI: LAPIC_NMI (acpi_id[0x44] high edge lint[0x1])
Feb  3 12:13:20 cu-cs-vm kernel: [    0.000000] ACPI: LAPIC_NMI (acpi_id[0x45] high edge lint[0x1])
Feb  3 12:13:20 cu-cs-vm kernel: [    0.000000] ACPI: LAPIC_NMI (acpi_id[0x46] high edge lint[0x1])
Feb  3 12:13:20 cu-cs-vm kernel: [    0.000000] ACPI: LAPIC_NMI (acpi_id[0x47] high edge lint[0x1])
Feb  3 12:13:20 cu-cs-vm kernel: [    0.000000] ACPI: LAPIC_NMI (acpi_id[0x48] high edge lint[0x1])
Feb  3 12:13:20 cu-cs-vm kernel: [    0.000000] ACPI: LAPIC_NMI (acpi_id[0x49] high edge lint[0x1])
Feb  3 12:13:20 cu-cs-vm kernel: [    0.000000] ACPI: LAPIC_NMI (acpi_id[0x4a] high edge lint[0x1])
Feb  3 12:13:20 cu-cs-vm kernel: [    0.000000] ACPI: LAPIC_NMI (acpi_id[0x4b] high edge lint[0x1])
Feb  3 12:13:20 cu-cs-vm kernel: [    0.000000] ACPI: LAPIC_NMI (acpi_id[0x4c] high edge lint[0x1])
Feb  3 12:13:20 cu-cs-vm kernel: [    0.000000] ACPI: LAPIC_NMI (acpi_id[0x4d] high edge lint[0x1])
Feb  3 12:13:20 cu-cs-vm kernel: [    0.000000] ACPI: LAPIC_NMI (acpi_id[0x4e] high edge lint[0x1])
Feb  3 12:13:20 cu-cs-vm kernel: [    0.000000] ACPI: LAPIC_NMI (acpi_id[0x4f] high edge lint[0x1])
Feb  3 12:13:20 cu-cs-vm kernel: [    0.000000] ACPI: LAPIC_NMI (acpi_id[0x50] high edge lint[0x1])
Feb  3 12:13:20 cu-cs-vm kernel: [    0.000000] ACPI: LAPIC_NMI (acpi_id[0x51] high edge lint[0x1])
Feb  3 12:13:20 cu-cs-vm kernel: [    0.000000] ACPI: LAPIC_NMI (acpi_id[0x52] high edge lint[0x1])
Feb  3 12:13:20 cu-cs-vm kernel: [    0.000000] ACPI: LAPIC_NMI (acpi_id[0x53] high edge lint[0x1])
Feb  3 12:13:20 cu-cs-vm kernel: [    0.000000] ACPI: LAPIC_NMI (acpi_id[0x54] high edge lint[0x1])
Feb  3 12:13:20 cu-cs-vm kernel: [    0.000000] ACPI: LAPIC_NMI (acpi_id[0x55] high edge lint[0x1])
Feb  3 12:13:20 cu-cs-vm kernel: [    0.000000] ACPI: LAPIC_NMI (acpi_id[0x56] high edge lint[0x1])
Feb  3 12:13:20 cu-cs-vm kernel: [    0.000000] ACPI: LAPIC_NMI (acpi_id[0x57] high edge lint[0x1])
Feb  3 12:13:20 cu-cs-vm kernel: [    0.000000] ACPI: LAPIC_NMI (acpi_id[0x58] high edge lint[0x1])
Feb  3 12:13:20 cu-cs-vm kernel: [    0.000000] ACPI: LAPIC_NMI (acpi_id[0x59] high edge lint[0x1])
Feb  3 12:13:20 cu-cs-vm kernel: [    0.000000] ACPI: LAPIC_NMI (acpi_id[0x5a] high edge lint[0x1])
Feb  3 12:13:20 cu-cs-vm kernel: [    0.000000] ACPI: LAPIC_NMI (acpi_id[0x5b] high edge lint[0x1])
Feb  3 12:13:20 cu-cs-vm kernel: [    0.000000] ACPI: LAPIC_NMI (acpi_id[0x5c] high edge lint[0x1])
Feb  3 12:13:20 cu-cs-vm kernel: [    0.000000] ACPI: LAPIC_NMI (acpi_id[0x5d] high edge lint[0x1])
Feb  3 12:13:20 cu-cs-vm kernel: [    0.000000] ACPI: LAPIC_NMI (acpi_id[0x5e] high edge lint[0x1])
Feb  3 12:13:20 cu-cs-vm kernel: [    0.000000] ACPI: LAPIC_NMI (acpi_id[0x5f] high edge lint[0x1])
Feb  3 12:13:20 cu-cs-vm kernel: [    0.000000] ACPI: LAPIC_NMI (acpi_id[0x60] high edge lint[0x1])
Feb  3 12:13:20 cu-cs-vm kernel: [    0.000000] ACPI: LAPIC_NMI (acpi_id[0x61] high edge lint[0x1])
Feb  3 12:13:20 cu-cs-vm kernel: [    0.000000] ACPI: LAPIC_NMI (acpi_id[0x62] high edge lint[0x1])
Feb  3 12:13:20 cu-cs-vm kernel: [    0.000000] ACPI: LAPIC_NMI (acpi_id[0x63] high edge lint[0x1])
Feb  3 12:13:20 cu-cs-vm kernel: [    0.000000] ACPI: LAPIC_NMI (acpi_id[0x64] high edge lint[0x1])
Feb  3 12:13:20 cu-cs-vm kernel: [    0.000000] ACPI: LAPIC_NMI (acpi_id[0x65] high edge lint[0x1])
Feb  3 12:13:20 cu-cs-vm kernel: [    0.000000] ACPI: LAPIC_NMI (acpi_id[0x66] high edge lint[0x1])
Feb  3 12:13:20 cu-cs-vm kernel: [    0.000000] ACPI: LAPIC_NMI (acpi_id[0x67] high edge lint[0x1])
Feb  3 12:13:20 cu-cs-vm kernel: [    0.000000] ACPI: LAPIC_NMI (acpi_id[0x68] high edge lint[0x1])
Feb  3 12:13:20 cu-cs-vm kernel: [    0.000000] ACPI: LAPIC_NMI (acpi_id[0x69] high edge lint[0x1])
Feb  3 12:13:20 cu-cs-vm kernel: [    0.000000] ACPI: LAPIC_NMI (acpi_id[0x6a] high edge lint[0x1])
Feb  3 12:13:20 cu-cs-vm kernel: [    0.000000] ACPI: LAPIC_NMI (acpi_id[0x6b] high edge lint[0x1])
Feb  3 12:13:20 cu-cs-vm kernel: [    0.000000] ACPI: LAPIC_NMI (acpi_id[0x6c] high edge lint[0x1])
Feb  3 12:13:20 cu-cs-vm kernel: [    0.000000] ACPI: LAPIC_NMI (acpi_id[0x6d] high edge lint[0x1])
Feb  3 12:13:20 cu-cs-vm kernel: [    0.000000] ACPI: LAPIC_NMI (acpi_id[0x6e] high edge lint[0x1])
Feb  3 12:13:20 cu-cs-vm kernel: [    0.000000] ACPI: LAPIC_NMI (acpi_id[0x6f] high edge lint[0x1])
Feb  3 12:13:20 cu-cs-vm kernel: [    0.000000] ACPI: LAPIC_NMI (acpi_id[0x70] high edge lint[0x1])
Feb  3 12:13:20 cu-cs-vm kernel: [    0.000000] ACPI: LAPIC_NMI (acpi_id[0x71] high edge lint[0x1])
Feb  3 12:13:20 cu-cs-vm kernel: [    0.000000] ACPI: LAPIC_NMI (acpi_id[0x72] high edge lint[0x1])
Feb  3 12:13:20 cu-cs-vm kernel: [    0.000000] ACPI: LAPIC_NMI (acpi_id[0x73] high edge lint[0x1])
Feb  3 12:13:20 cu-cs-vm kernel: [    0.000000] ACPI: LAPIC_NMI (acpi_id[0x74] high edge lint[0x1])
Feb  3 12:13:20 cu-cs-vm kernel: [    0.000000] ACPI: LAPIC_NMI (acpi_id[0x75] high edge lint[0x1])
Feb  3 12:13:20 cu-cs-vm kernel: [    0.000000] ACPI: LAPIC_NMI (acpi_id[0x76] high edge lint[0x1])
Feb  3 12:13:20 cu-cs-vm kernel: [    0.000000] ACPI: LAPIC_NMI (acpi_id[0x77] high edge lint[0x1])
Feb  3 12:13:20 cu-cs-vm kernel: [    0.000000] ACPI: LAPIC_NMI (acpi_id[0x78] high edge lint[0x1])
Feb  3 12:13:20 cu-cs-vm kernel: [    0.000000] ACPI: LAPIC_NMI (acpi_id[0x79] high edge lint[0x1])
Feb  3 12:13:20 cu-cs-vm kernel: [    0.000000] ACPI: LAPIC_NMI (acpi_id[0x7a] high edge lint[0x1])
Feb  3 12:13:20 cu-cs-vm kernel: [    0.000000] ACPI: LAPIC_NMI (acpi_id[0x7b] high edge lint[0x1])
Feb  3 12:13:20 cu-cs-vm kernel: [    0.000000] ACPI: LAPIC_NMI (acpi_id[0x7c] high edge lint[0x1])
Feb  3 12:13:20 cu-cs-vm kernel: [    0.000000] ACPI: LAPIC_NMI (acpi_id[0x7d] high edge lint[0x1])
Feb  3 12:13:20 cu-cs-vm kernel: [    0.000000] ACPI: LAPIC_NMI (acpi_id[0x7e] high edge lint[0x1])
Feb  3 12:13:20 cu-cs-vm kernel: [    0.000000] ACPI: LAPIC_NMI (acpi_id[0x7f] high edge lint[0x1])
Feb  3 12:13:20 cu-cs-vm kernel: [    0.000000] IOAPIC[0]: apic_id 1, version 32, address 0xfec00000, GSI 0-23
Feb  3 12:13:20 cu-cs-vm kernel: [    0.000000] ACPI: INT_SRC_OVR (bus 0 bus_irq 0 global_irq 2 high edge)
Feb  3 12:13:20 cu-cs-vm kernel: [    0.000000] ACPI: IRQ0 used by override.
Feb  3 12:13:20 cu-cs-vm kernel: [    0.000000] ACPI: IRQ9 used by override.
Feb  3 12:13:20 cu-cs-vm kernel: [    0.000000] Using ACPI (MADT) for SMP configuration information
Feb  3 12:13:20 cu-cs-vm kernel: [    0.000000] smpboot: Allowing 128 CPUs, 126 hotplug CPUs
Feb  3 12:13:20 cu-cs-vm kernel: [    0.000000] PM: Registered nosave memory: [mem 0x00000000-0x00000fff]
Feb  3 12:13:20 cu-cs-vm kernel: [    0.000000] PM: Registered nosave memory: [mem 0x0009e000-0x0009efff]
Feb  3 12:13:20 cu-cs-vm kernel: [    0.000000] PM: Registered nosave memory: [mem 0x0009f000-0x0009ffff]
Feb  3 12:13:20 cu-cs-vm kernel: [    0.000000] PM: Registered nosave memory: [mem 0x000a0000-0x000dbfff]
Feb  3 12:13:20 cu-cs-vm kernel: [    0.000000] PM: Registered nosave memory: [mem 0x000dc000-0x000fffff]
Feb  3 12:13:20 cu-cs-vm kernel: [    0.000000] PM: Registered nosave memory: [mem 0x7fee0000-0x7fefefff]
Feb  3 12:13:20 cu-cs-vm kernel: [    0.000000] PM: Registered nosave memory: [mem 0x7feff000-0x7fefffff]
Feb  3 12:13:20 cu-cs-vm kernel: [    0.000000] e820: [mem 0x80000000-0xefffffff] available for PCI devices
Feb  3 12:13:20 cu-cs-vm kernel: [    0.000000] Booting paravirtualized kernel on VMware hypervisor
Feb  3 12:13:20 cu-cs-vm kernel: [    0.000000] clocksource: refined-jiffies: mask: 0xffffffff max_cycles: 0xffffffff, max_idle_ns: 7645519600211568 ns
Feb  3 12:13:20 cu-cs-vm kernel: [    0.000000] random: get_random_bytes called from start_kernel+0x99/0x51d with crng_init=0
Feb  3 12:13:20 cu-cs-vm kernel: [    0.000000] setup_percpu: NR_CPUS:8192 nr_cpumask_bits:128 nr_cpu_ids:128 nr_node_ids:1
Feb  3 12:13:20 cu-cs-vm kernel: [    0.000000] percpu: Embedded 46 pages/cpu @        (ptrval) s151552 r8192 d28672 u262144
Feb  3 12:13:20 cu-cs-vm kernel: [    0.000000] pcpu-alloc: s151552 r8192 d28672 u262144 alloc=1*2097152
Feb  3 12:13:20 cu-cs-vm kernel: [    0.000000] pcpu-alloc: [0] 000 001 002 003 004 005 006 007 
Feb  3 12:13:20 cu-cs-vm kernel: [    0.000000] pcpu-alloc: [0] 008 009 010 011 012 013 014 015 
Feb  3 12:13:20 cu-cs-vm kernel: [    0.000000] pcpu-alloc: [0] 016 017 018 019 020 021 022 023 
Feb  3 12:13:20 cu-cs-vm kernel: [    0.000000] pcpu-alloc: [0] 024 025 026 027 028 029 030 031 
Feb  3 12:13:20 cu-cs-vm kernel: [    0.000000] pcpu-alloc: [0] 032 033 034 035 036 037 038 039 
Feb  3 12:13:20 cu-cs-vm kernel: [    0.000000] pcpu-alloc: [0] 040 041 042 043 044 045 046 047 
Feb  3 12:13:20 cu-cs-vm kernel: [    0.000000] pcpu-alloc: [0] 048 049 050 051 052 053 054 055 
Feb  3 12:13:20 cu-cs-vm kernel: [    0.000000] pcpu-alloc: [0] 056 057 058 059 060 061 062 063 
Feb  3 12:13:20 cu-cs-vm kernel: [    0.000000] pcpu-alloc: [0] 064 065 066 067 068 069 070 071 
Feb  3 12:13:20 cu-cs-vm kernel: [    0.000000] pcpu-alloc: [0] 072 073 074 075 076 077 078 079 
Feb  3 12:13:20 cu-cs-vm kernel: [    0.000000] pcpu-alloc: [0] 080 081 082 083 084 085 086 087 
Feb  3 12:13:20 cu-cs-vm kernel: [    0.000000] pcpu-alloc: [0] 088 089 090 091 092 093 094 095 
Feb  3 12:13:20 cu-cs-vm kernel: [    0.000000] pcpu-alloc: [0] 096 097 098 099 100 101 102 103 
Feb  3 12:13:20 cu-cs-vm kernel: [    0.000000] pcpu-alloc: [0] 104 105 106 107 108 109 110 111 
Feb  3 12:13:20 cu-cs-vm kernel: [    0.000000] pcpu-alloc: [0] 112 113 114 115 116 117 118 119 
Feb  3 12:13:20 cu-cs-vm kernel: [    0.000000] pcpu-alloc: [0] 120 121 122 123 124 125 126 127 
Feb  3 12:13:20 cu-cs-vm kernel: [    0.000000] Built 1 zonelists, mobility grouping on.  Total pages: 515944
Feb  3 12:13:20 cu-cs-vm kernel: [    0.000000] Policy zone: DMA32
Feb  3 12:13:20 cu-cs-vm kernel: [    0.000000] Kernel command line: BOOT_IMAGE=/boot/vmlinuz-4.15.18yay root=UUID=a7adc8c1-e02a-478b-93ad-c06e060e0176 ro
Feb  3 12:13:20 cu-cs-vm kernel: [    0.000000] log_buf_len individual max cpu contribution: 4096 bytes
Feb  3 12:13:20 cu-cs-vm kernel: [    0.000000] log_buf_len total cpu_extra contributions: 520192 bytes
Feb  3 12:13:20 cu-cs-vm kernel: [    0.000000] log_buf_len min size: 262144 bytes
Feb  3 12:13:20 cu-cs-vm kernel: [    0.000000] log_buf_len: 1048576 bytes
Feb  3 12:13:20 cu-cs-vm kernel: [    0.000000] early log buf free: 236940(90%)
Feb  3 12:13:20 cu-cs-vm kernel: [    0.000000] Calgary: detecting Calgary via BIOS EBDA area
Feb  3 12:13:20 cu-cs-vm kernel: [    0.000000] Calgary: Unable to locate Rio Grande table in EBDA - bailing!
Feb  3 12:13:20 cu-cs-vm kernel: [    0.000000] Memory: 1570512K/2096628K available (12300K kernel code, 2471K rwdata, 4204K rodata, 2408K init, 2416K bss, 526116K reserved, 0K cma-reserved)
Feb  3 12:13:20 cu-cs-vm kernel: [    0.000000] SLUB: HWalign=64, Order=0-3, MinObjects=0, CPUs=128, Nodes=1
Feb  3 12:13:20 cu-cs-vm kernel: [    0.000000] Kernel/User page tables isolation: enabled
Feb  3 12:13:20 cu-cs-vm kernel: [    0.000000] ftrace: allocating 39056 entries in 153 pages
Feb  3 12:13:20 cu-cs-vm kernel: [    0.004000] Hierarchical RCU implementation.
Feb  3 12:13:20 cu-cs-vm kernel: [    0.004000] 	RCU restricting CPUs from NR_CPUS=8192 to nr_cpu_ids=128.
Feb  3 12:13:20 cu-cs-vm kernel: [    0.004000] 	Tasks RCU enabled.
Feb  3 12:13:20 cu-cs-vm kernel: [    0.004000] RCU: Adjusting geometry for rcu_fanout_leaf=16, nr_cpu_ids=128
Feb  3 12:13:20 cu-cs-vm kernel: [    0.004000] NR_IRQS: 524544, nr_irqs: 1448, preallocated irqs: 16
Feb  3 12:13:20 cu-cs-vm kernel: [    0.004000] Console: colour VGA+ 80x25
Feb  3 12:13:20 cu-cs-vm kernel: [    0.004000] console [tty0] enabled
Feb  3 12:13:20 cu-cs-vm kernel: [    0.004000] ACPI: Core revision 20170831
Feb  3 12:13:20 cu-cs-vm kernel: [    0.004000] ACPI: 1 ACPI AML tables successfully acquired and loaded
Feb  3 12:13:20 cu-cs-vm kernel: [    0.004010] APIC: Switch to symmetric I/O mode setup
Feb  3 12:13:20 cu-cs-vm kernel: [    0.004446] x2apic enabled
Feb  3 12:13:20 cu-cs-vm kernel: [    0.004906] Switched APIC routing to physical x2apic.
Feb  3 12:13:20 cu-cs-vm kernel: [    0.006403] ..TIMER: vector=0x30 apic1=0 pin1=2 apic2=-1 pin2=-1
Feb  3 12:13:20 cu-cs-vm kernel: [    0.006637] tsc: Detected 2699.966 MHz processor
Feb  3 12:13:20 cu-cs-vm kernel: [    0.006796] Calibrating delay loop (skipped) preset value.. 5399.93 BogoMIPS (lpj=10799864)
Feb  3 12:13:20 cu-cs-vm kernel: [    0.006796] pid_max: default: 131072 minimum: 1024
Feb  3 12:13:20 cu-cs-vm kernel: [    0.006796] Security Framework initialized
Feb  3 12:13:20 cu-cs-vm kernel: [    0.006796] Yama: becoming mindful.
Feb  3 12:13:20 cu-cs-vm kernel: [    0.006796] AppArmor: AppArmor initialized
Feb  3 12:13:20 cu-cs-vm kernel: [    0.008650] Dentry cache hash table entries: 262144 (order: 9, 2097152 bytes)
Feb  3 12:13:20 cu-cs-vm kernel: [    0.009295] Inode-cache hash table entries: 131072 (order: 8, 1048576 bytes)
Feb  3 12:13:20 cu-cs-vm kernel: [    0.009837] Mount-cache hash table entries: 4096 (order: 3, 32768 bytes)
Feb  3 12:13:20 cu-cs-vm kernel: [    0.010109] Mountpoint-cache hash table entries: 4096 (order: 3, 32768 bytes)
Feb  3 12:13:20 cu-cs-vm kernel: [    0.010786] Disabled fast string operations
Feb  3 12:13:20 cu-cs-vm kernel: [    0.010958] mce: CPU supports 8 MCE banks
Feb  3 12:13:20 cu-cs-vm kernel: [    0.011138] Last level iTLB entries: 4KB 64, 2MB 8, 4MB 8
Feb  3 12:13:20 cu-cs-vm kernel: [    0.011322] Last level dTLB entries: 4KB 64, 2MB 0, 4MB 0, 1GB 4
Feb  3 12:13:20 cu-cs-vm gpu-manager[728]: Error: can't open /lib/modules/4.15.18yay/updates/dkms
Feb  3 12:13:20 cu-cs-vm kernel: [    0.011527] Spectre V2 : Mitigation: Full generic retpoline
Feb  3 12:13:20 cu-cs-vm kernel: [    0.011716] Spectre V2 : Spectre v2 / SpectreRSB mitigation: Filling RSB on context switch
Feb  3 12:13:20 cu-cs-vm kernel: [    0.012003] Spectre V2 : Spectre v2 mitigation: Enabling Indirect Branch Prediction Barrier
Feb  3 12:13:20 cu-cs-vm kernel: [    0.012310] Spectre V2 : Enabling Restricted Speculation for firmware calls
Feb  3 12:13:20 cu-cs-vm kernel: [    0.012546] Speculative Store Bypass: Mitigation: Speculative Store Bypass disabled via prctl and seccomp
Feb  3 12:13:20 cu-cs-vm kernel: [    0.013031] Freeing SMP alternatives memory: 36K
Feb  3 12:13:20 cu-cs-vm kernel: [    0.016203] TSC deadline timer enabled
Feb  3 12:13:20 cu-cs-vm kernel: [    0.016213] smpboot: CPU0: Intel(R) Core(TM) i5-5257U CPU @ 2.70GHz (family: 0x6, model: 0x3d, stepping: 0x4)
Feb  3 12:13:20 cu-cs-vm kernel: [    0.016674] Performance Events: Broadwell events, core PMU driver.
Feb  3 12:13:20 cu-cs-vm kernel: [    0.016904] core: CPUID marked event: 'cpu cycles' unavailable
Feb  3 12:13:20 cu-cs-vm kernel: [    0.017104] core: CPUID marked event: 'instructions' unavailable
Feb  3 12:13:20 cu-cs-vm kernel: [    0.017309] core: CPUID marked event: 'bus cycles' unavailable
Feb  3 12:13:20 cu-cs-vm kernel: [    0.017509] core: CPUID marked event: 'cache references' unavailable
Feb  3 12:13:20 cu-cs-vm kernel: [    0.017725] core: CPUID marked event: 'cache misses' unavailable
Feb  3 12:13:20 cu-cs-vm kernel: [    0.017930] core: CPUID marked event: 'branch instructions' unavailable
Feb  3 12:13:20 cu-cs-vm kernel: [    0.018155] core: CPUID marked event: 'branch misses' unavailable
Feb  3 12:13:20 cu-cs-vm kernel: [    0.018366] ... version:                1
Feb  3 12:13:20 cu-cs-vm kernel: [    0.018506] ... bit width:              48
Feb  3 12:13:20 cu-cs-vm kernel: [    0.018649] ... generic registers:      4
Feb  3 12:13:20 cu-cs-vm kernel: [    0.018790] ... value mask:             0000ffffffffffff
Feb  3 12:13:20 cu-cs-vm kernel: [    0.018973] ... max period:             000000007fffffff
Feb  3 12:13:20 cu-cs-vm kernel: [    0.019155] ... fixed-purpose events:   0
Feb  3 12:13:20 cu-cs-vm kernel: [    0.019296] ... event mask:             000000000000000f
Feb  3 12:13:20 cu-cs-vm kernel: [    0.019546] Hierarchical SRCU implementation.
Feb  3 12:13:20 cu-cs-vm kernel: [    0.020071] NMI watchdog: Perf event create on CPU 0 failed with -2
Feb  3 12:13:20 cu-cs-vm kernel: [    0.020292] NMI watchdog: Perf NMI watchdog permanently disabled
Feb  3 12:13:20 cu-cs-vm kernel: [    0.024594] smp: Bringing up secondary CPUs ...
Feb  3 12:13:20 cu-cs-vm kernel: [    0.024929] x86: Booting SMP configuration:
Feb  3 12:13:20 cu-cs-vm kernel: [    0.025151] .... node  #0, CPUs:          #1
Feb  3 12:13:20 cu-cs-vm kernel: [    0.004000] Disabled fast string operations
Feb  3 12:13:20 cu-cs-vm kernel: [    0.004000] smpboot: CPU 1 Converting physical 2 to logical package 1
Feb  3 12:13:20 cu-cs-vm kernel: [    0.027721] smp: Brought up 1 node, 2 CPUs
Feb  3 12:13:20 cu-cs-vm kernel: [    0.028136] smpboot: Max logical packages: 128
Feb  3 12:13:20 cu-cs-vm kernel: [    0.028190] smpboot: Total of 2 processors activated (10799.86 BogoMIPS)
Feb  3 12:13:20 cu-cs-vm kernel: [    0.028883] devtmpfs: initialized
Feb  3 12:13:20 cu-cs-vm kernel: [    0.028883] x86/mm: Memory block size: 128MB
Feb  3 12:13:20 cu-cs-vm kernel: [    0.028883] evm: security.selinux
Feb  3 12:13:20 cu-cs-vm kernel: [    0.028883] evm: security.SMACK64
Feb  3 12:13:20 cu-cs-vm kernel: [    0.028883] evm: security.SMACK64EXEC
Feb  3 12:13:20 cu-cs-vm kernel: [    0.028883] evm: security.SMACK64TRANSMUTE
Feb  3 12:13:20 cu-cs-vm kernel: [    0.028883] evm: security.SMACK64MMAP
Feb  3 12:13:20 cu-cs-vm kernel: [    0.028883] evm: security.apparmor
Feb  3 12:13:20 cu-cs-vm kernel: [    0.028883] evm: security.ima
Feb  3 12:13:20 cu-cs-vm kernel: [    0.028883] evm: security.capability
Feb  3 12:13:20 cu-cs-vm kernel: [    0.028883] PM: Registering ACPI NVS region [mem 0x7feff000-0x7fefffff] (4096 bytes)
Feb  3 12:13:20 cu-cs-vm kernel: [    0.028883] clocksource: jiffies: mask: 0xffffffff max_cycles: 0xffffffff, max_idle_ns: 7645041785100000 ns
Feb  3 12:13:20 cu-cs-vm kernel: [    0.028883] futex hash table entries: 32768 (order: 9, 2097152 bytes)
Feb  3 12:13:20 cu-cs-vm kernel: [    0.029208] pinctrl core: initialized pinctrl subsystem
Feb  3 12:13:20 cu-cs-vm kernel: [    0.032006] RTC time: 19:13:07, date: 02/03/19
Feb  3 12:13:20 cu-cs-vm kernel: [    0.032361] NET: Registered protocol family 16
Feb  3 12:13:20 cu-cs-vm kernel: [    0.032479] audit: initializing netlink subsys (disabled)
Feb  3 12:13:20 cu-cs-vm kernel: [    0.032589] audit: type=2000 audit(1549221187.032:1): state=initialized audit_enabled=0 res=1
Feb  3 12:13:20 cu-cs-vm kernel: [    0.032589] cpuidle: using governor ladder
Feb  3 12:13:20 cu-cs-vm kernel: [    0.032589] cpuidle: using governor menu
Feb  3 12:13:20 cu-cs-vm kernel: [    0.032589] Simple Boot Flag at 0x36 set to 0x80
Feb  3 12:13:20 cu-cs-vm kernel: [    0.032589] ACPI: bus type PCI registered
Feb  3 12:13:20 cu-cs-vm kernel: [    0.032589] acpiphp: ACPI Hot Plug PCI Controller Driver version: 0.5
Feb  3 12:13:20 cu-cs-vm kernel: [    0.032632] PCI: MMCONFIG for domain 0000 [bus 00-7f] at [mem 0xf0000000-0xf7ffffff] (base 0xf0000000)
Feb  3 12:13:20 cu-cs-vm kernel: [    0.032733] PCI: MMCONFIG at [mem 0xf0000000-0xf7ffffff] reserved in E820
Feb  3 12:13:20 cu-cs-vm kernel: [    0.032811] PCI: Using configuration type 1 for base access
Feb  3 12:13:20 cu-cs-vm kernel: [    0.032995] HugeTLB registered 1.00 GiB page size, pre-allocated 0 pages
Feb  3 12:13:20 cu-cs-vm kernel: [    0.032995] HugeTLB registered 2.00 MiB page size, pre-allocated 0 pages
Feb  3 12:13:20 cu-cs-vm kernel: [    0.036197] ACPI: Added _OSI(Module Device)
Feb  3 12:13:20 cu-cs-vm kernel: [    0.036252] ACPI: Added _OSI(Processor Device)
Feb  3 12:13:20 cu-cs-vm kernel: [    0.036304] ACPI: Added _OSI(3.0 _SCP Extensions)
Feb  3 12:13:20 cu-cs-vm kernel: [    0.036358] ACPI: Added _OSI(Processor Aggregator Device)
Feb  3 12:13:20 cu-cs-vm kernel: [    0.036418] ACPI: Added _OSI(Linux-Dell-Video)
Feb  3 12:13:20 cu-cs-vm kernel: [    0.036470] ACPI: Added _OSI(Linux-Lenovo-NV-HDMI-Audio)
Feb  3 12:13:20 cu-cs-vm kernel: [    0.044407] ACPI: [Firmware Bug]: BIOS _OSI(Linux) query ignored
Feb  3 12:13:20 cu-cs-vm kernel: [    0.080054] ACPI: Interpreter enabled
Feb  3 12:13:20 cu-cs-vm kernel: [    0.080124] ACPI: (supports S0 S1 S4 S5)
Feb  3 12:13:20 cu-cs-vm kernel: [    0.080173] ACPI: Using IOAPIC for interrupt routing
Feb  3 12:13:20 cu-cs-vm kernel: [    0.080265] PCI: Using host bridge windows from ACPI; if necessary, use "pci=nocrs" and report a bug
Feb  3 12:13:20 cu-cs-vm kernel: [    0.081306] ACPI: Enabled 4 GPEs in block 00 to 0F
Feb  3 12:13:20 cu-cs-vm kernel: [    0.197018] ACPI: PCI Root Bridge [PCI0] (domain 0000 [bus 00-7f])
Feb  3 12:13:20 cu-cs-vm kernel: [    0.197099] acpi PNP0A03:00: _OSC: OS supports [ExtendedConfig ASPM ClockPM Segments MSI]
Feb  3 12:13:20 cu-cs-vm kernel: [    0.197468] acpi PNP0A03:00: _OSC: platform does not support [AER]
Feb  3 12:13:20 cu-cs-vm kernel: [    0.197824] acpi PNP0A03:00: _OSC: OS now controls [PCIeHotplug PME PCIeCapability]
Feb  3 12:13:20 cu-cs-vm kernel: [    0.201347] PCI host bridge to bus 0000:00
Feb  3 12:13:20 cu-cs-vm kernel: [    0.201402] pci_bus 0000:00: root bus resource [mem 0x000a0000-0x000bffff window]
Feb  3 12:13:20 cu-cs-vm kernel: [    0.201484] pci_bus 0000:00: root bus resource [mem 0x000cc000-0x000cffff window]
Feb  3 12:13:20 cu-cs-vm kernel: [    0.201565] pci_bus 0000:00: root bus resource [mem 0x000d0000-0x000d3fff window]
Feb  3 12:13:20 cu-cs-vm kernel: [    0.201645] pci_bus 0000:00: root bus resource [mem 0x000d4000-0x000d7fff window]
Feb  3 12:13:20 cu-cs-vm kernel: [    0.201726] pci_bus 0000:00: root bus resource [mem 0x000d8000-0x000dbfff window]
Feb  3 12:13:20 cu-cs-vm kernel: [    0.201810] pci_bus 0000:00: root bus resource [mem 0xc0000000-0xfebfffff window]
Feb  3 12:13:20 cu-cs-vm kernel: [    0.201891] pci_bus 0000:00: root bus resource [io  0x0000-0x0cf7 window]
Feb  3 12:13:20 cu-cs-vm kernel: [    0.201963] pci_bus 0000:00: root bus resource [io  0x0d00-0xfeff window]
Feb  3 12:13:20 cu-cs-vm kernel: [    0.202035] pci_bus 0000:00: root bus resource [bus 00-7f]
Feb  3 12:13:20 cu-cs-vm kernel: [    0.202196] pci 0000:00:00.0: [8086:7190] type 00 class 0x060000
Feb  3 12:13:20 cu-cs-vm kernel: [    0.203495] pci 0000:00:01.0: [8086:7191] type 01 class 0x060400
Feb  3 12:13:20 cu-cs-vm kernel: [    0.204530] pci 0000:00:07.0: [8086:7110] type 00 class 0x060100
Feb  3 12:13:20 cu-cs-vm kernel: [    0.206019] pci 0000:00:07.1: [8086:7111] type 00 class 0x01018a
Feb  3 12:13:20 cu-cs-vm kernel: [    0.208380] pci 0000:00:07.1: reg 0x20: [io  0x1060-0x106f]
Feb  3 12:13:20 cu-cs-vm kernel: [    0.209281] pci 0000:00:07.1: legacy IDE quirk: reg 0x10: [io  0x01f0-0x01f7]
Feb  3 12:13:20 cu-cs-vm kernel: [    0.209359] pci 0000:00:07.1: legacy IDE quirk: reg 0x14: [io  0x03f6]
Feb  3 12:13:20 cu-cs-vm kernel: [    0.209428] pci 0000:00:07.1: legacy IDE quirk: reg 0x18: [io  0x0170-0x0177]
Feb  3 12:13:20 cu-cs-vm kernel: [    0.209504] pci 0000:00:07.1: legacy IDE quirk: reg 0x1c: [io  0x0376]
Feb  3 12:13:20 cu-cs-vm kernel: [    0.209968] pci 0000:00:07.3: [8086:7113] type 00 class 0x068000
Feb  3 12:13:20 cu-cs-vm kernel: [    0.214200] pci 0000:00:07.3: quirk: [io  0x1000-0x103f] claimed by PIIX4 ACPI
Feb  3 12:13:20 cu-cs-vm kernel: [    0.214313] pci 0000:00:07.3: quirk: [io  0x1040-0x104f] claimed by PIIX4 SMB
Feb  3 12:13:20 cu-cs-vm kernel: [    0.215020] pci 0000:00:07.7: [15ad:0740] type 00 class 0x088000
Feb  3 12:13:20 cu-cs-vm kernel: [    0.215991] pci 0000:00:07.7: reg 0x10: [io  0x1080-0x10bf]
Feb  3 12:13:20 cu-cs-vm kernel: [    0.216780] pci 0000:00:07.7: reg 0x14: [mem 0xfebfe000-0xfebfffff 64bit]
Feb  3 12:13:20 cu-cs-vm kernel: [    0.220588] pci 0000:00:0f.0: [15ad:0405] type 00 class 0x030000
Feb  3 12:13:20 cu-cs-vm kernel: [    0.224012] pci 0000:00:0f.0: reg 0x10: [io  0x1070-0x107f]
Feb  3 12:13:20 cu-cs-vm kernel: [    0.228012] pci 0000:00:0f.0: reg 0x14: [mem 0xe8000000-0xefffffff pref]
Feb  3 12:13:20 cu-cs-vm kernel: [    0.230327] pci 0000:00:0f.0: reg 0x18: [mem 0xfe000000-0xfe7fffff]
Feb  3 12:13:20 cu-cs-vm kernel: [    0.238950] pci 0000:00:0f.0: reg 0x30: [mem 0x00000000-0x00007fff pref]
Feb  3 12:13:20 cu-cs-vm kernel: [    0.239904] pci 0000:00:10.0: [1000:0030] type 00 class 0x010000
Feb  3 12:13:20 cu-cs-vm kernel: [    0.241239] pci 0000:00:10.0: reg 0x10: [io  0x1400-0x14ff]
Feb  3 12:13:20 cu-cs-vm kernel: [    0.242468] pci 0000:00:10.0: reg 0x14: [mem 0xfeba0000-0xfebbffff 64bit]
Feb  3 12:13:20 cu-cs-vm kernel: [    0.243595] pci 0000:00:10.0: reg 0x1c: [mem 0xfebc0000-0xfebdffff 64bit]
Feb  3 12:13:20 cu-cs-vm kernel: [    0.245571] pci 0000:00:10.0: reg 0x30: [mem 0x00000000-0x00003fff pref]
Feb  3 12:13:20 cu-cs-vm kernel: [    0.246313] pci 0000:00:11.0: [15ad:0790] type 01 class 0x060401
Feb  3 12:13:20 cu-cs-vm kernel: [    0.247840] pci 0000:00:15.0: [15ad:07a0] type 01 class 0x060400
Feb  3 12:13:20 cu-cs-vm kernel: [    0.249417] pci 0000:00:15.0: PME# supported from D0 D3hot D3cold
Feb  3 12:13:20 cu-cs-vm kernel: [    0.249999] pci 0000:00:15.1: [15ad:07a0] type 01 class 0x060400
Feb  3 12:13:20 cu-cs-vm kernel: [    0.251571] pci 0000:00:15.1: PME# supported from D0 D3hot D3cold
Feb  3 12:13:20 cu-cs-vm kernel: [    0.252150] pci 0000:00:15.2: [15ad:07a0] type 01 class 0x060400
Feb  3 12:13:20 cu-cs-vm kernel: [    0.253707] pci 0000:00:15.2: PME# supported from D0 D3hot D3cold
Feb  3 12:13:20 cu-cs-vm kernel: [    0.254298] pci 0000:00:15.3: [15ad:07a0] type 01 class 0x060400
Feb  3 12:13:20 cu-cs-vm kernel: [    0.256071] pci 0000:00:15.3: PME# supported from D0 D3hot D3cold
Feb  3 12:13:20 cu-cs-vm kernel: [    0.256686] pci 0000:00:15.4: [15ad:07a0] type 01 class 0x060400
Feb  3 12:13:20 cu-cs-vm kernel: [    0.258249] pci 0000:00:15.4: PME# supported from D0 D3hot D3cold
Feb  3 12:13:20 cu-cs-vm kernel: [    0.258828] pci 0000:00:15.5: [15ad:07a0] type 01 class 0x060400
Feb  3 12:13:20 cu-cs-vm kernel: [    0.260385] pci 0000:00:15.5: PME# supported from D0 D3hot D3cold
Feb  3 12:13:20 cu-cs-vm kernel: [    0.261004] pci 0000:00:15.6: [15ad:07a0] type 01 class 0x060400
Feb  3 12:13:20 cu-cs-vm kernel: [    0.262622] pci 0000:00:15.6: PME# supported from D0 D3hot D3cold
Feb  3 12:13:20 cu-cs-vm kernel: [    0.263223] pci 0000:00:15.7: [15ad:07a0] type 01 class 0x060400
Feb  3 12:13:20 cu-cs-vm kernel: [    0.264792] pci 0000:00:15.7: PME# supported from D0 D3hot D3cold
Feb  3 12:13:20 cu-cs-vm kernel: [    0.265423] pci 0000:00:16.0: [15ad:07a0] type 01 class 0x060400
Feb  3 12:13:20 cu-cs-vm kernel: [    0.266989] pci 0000:00:16.0: PME# supported from D0 D3hot D3cold
Feb  3 12:13:20 cu-cs-vm kernel: [    0.267992] pci 0000:00:16.1: [15ad:07a0] type 01 class 0x060400
Feb  3 12:13:20 cu-cs-vm kernel: [    0.269601] pci 0000:00:16.1: PME# supported from D0 D3hot D3cold
Feb  3 12:13:20 cu-cs-vm kernel: [    0.270225] pci 0000:00:16.2: [15ad:07a0] type 01 class 0x060400
Feb  3 12:13:20 cu-cs-vm kernel: [    0.271795] pci 0000:00:16.2: PME# supported from D0 D3hot D3cold
Feb  3 12:13:20 cu-cs-vm kernel: [    0.272393] pci 0000:00:16.3: [15ad:07a0] type 01 class 0x060400
Feb  3 12:13:20 cu-cs-vm kernel: [    0.273966] pci 0000:00:16.3: PME# supported from D0 D3hot D3cold
Feb  3 12:13:20 cu-cs-vm kernel: [    0.274556] pci 0000:00:16.4: [15ad:07a0] type 01 class 0x060400
Feb  3 12:13:20 cu-cs-vm kernel: [    0.276127] pci 0000:00:16.4: PME# supported from D0 D3hot D3cold
Feb  3 12:13:20 cu-cs-vm kernel: [    0.276704] pci 0000:00:16.5: [15ad:07a0] type 01 class 0x060400
Feb  3 12:13:20 cu-cs-vm kernel: [    0.278279] pci 0000:00:16.5: PME# supported from D0 D3hot D3cold
Feb  3 12:13:20 cu-cs-vm kernel: [    0.278849] pci 0000:00:16.6: [15ad:07a0] type 01 class 0x060400
Feb  3 12:13:20 cu-cs-vm kernel: [    0.281045] pci 0000:00:16.6: PME# supported from D0 D3hot D3cold
Feb  3 12:13:20 cu-cs-vm kernel: [    0.282348] pci 0000:00:16.7: [15ad:07a0] type 01 class 0x060400
Feb  3 12:13:20 cu-cs-vm kernel: [    0.283974] pci 0000:00:16.7: PME# supported from D0 D3hot D3cold
Feb  3 12:13:20 cu-cs-vm kernel: [    0.284572] pci 0000:00:17.0: [15ad:07a0] type 01 class 0x060400
Feb  3 12:13:20 cu-cs-vm kernel: [    0.286142] pci 0000:00:17.0: PME# supported from D0 D3hot D3cold
Feb  3 12:13:20 cu-cs-vm kernel: [    0.286728] pci 0000:00:17.1: [15ad:07a0] type 01 class 0x060400
Feb  3 12:13:20 cu-cs-vm kernel: [    0.289454] pci 0000:00:17.1: PME# supported from D0 D3hot D3cold
Feb  3 12:13:20 cu-cs-vm kernel: [    0.290129] pci 0000:00:17.2: [15ad:07a0] type 01 class 0x060400
Feb  3 12:13:20 cu-cs-vm kernel: [    0.291704] pci 0000:00:17.2: PME# supported from D0 D3hot D3cold
Feb  3 12:13:20 cu-cs-vm kernel: [    0.292295] pci 0000:00:17.3: [15ad:07a0] type 01 class 0x060400
Feb  3 12:13:20 cu-cs-vm kernel: [    0.293881] pci 0000:00:17.3: PME# supported from D0 D3hot D3cold
Feb  3 12:13:20 cu-cs-vm kernel: [    0.294465] pci 0000:00:17.4: [15ad:07a0] type 01 class 0x060400
Feb  3 12:13:20 cu-cs-vm kernel: [    0.296027] pci 0000:00:17.4: PME# supported from D0 D3hot D3cold
Feb  3 12:13:20 cu-cs-vm kernel: [    0.296600] pci 0000:00:17.5: [15ad:07a0] type 01 class 0x060400
Feb  3 12:13:20 cu-cs-vm kernel: [    0.298178] pci 0000:00:17.5: PME# supported from D0 D3hot D3cold
Feb  3 12:13:20 cu-cs-vm kernel: [    0.298755] pci 0000:00:17.6: [15ad:07a0] type 01 class 0x060400
Feb  3 12:13:20 cu-cs-vm kernel: [    0.300305] pci 0000:00:17.6: PME# supported from D0 D3hot D3cold
Feb  3 12:13:20 cu-cs-vm kernel: [    0.300878] pci 0000:00:17.7: [15ad:07a0] type 01 class 0x060400
Feb  3 12:13:20 cu-cs-vm kernel: [    0.302476] pci 0000:00:17.7: PME# supported from D0 D3hot D3cold
Feb  3 12:13:20 cu-cs-vm kernel: [    0.303051] pci 0000:00:18.0: [15ad:07a0] type 01 class 0x060400
Feb  3 12:13:20 cu-cs-vm kernel: [    0.304675] pci 0000:00:18.0: PME# supported from D0 D3hot D3cold
Feb  3 12:13:20 cu-cs-vm kernel: [    0.305266] pci 0000:00:18.1: [15ad:07a0] type 01 class 0x060400
Feb  3 12:13:20 cu-cs-vm kernel: [    0.306839] pci 0000:00:18.1: PME# supported from D0 D3hot D3cold
Feb  3 12:13:20 cu-cs-vm kernel: [    0.307415] pci 0000:00:18.2: [15ad:07a0] type 01 class 0x060400
Feb  3 12:13:20 cu-cs-vm kernel: [    0.308974] pci 0000:00:18.2: PME# supported from D0 D3hot D3cold
Feb  3 12:13:20 cu-cs-vm kernel: [    0.309559] pci 0000:00:18.3: [15ad:07a0] type 01 class 0x060400
Feb  3 12:13:20 cu-cs-vm kernel: [    0.311149] pci 0000:00:18.3: PME# supported from D0 D3hot D3cold
Feb  3 12:13:20 cu-cs-vm kernel: [    0.311725] pci 0000:00:18.4: [15ad:07a0] type 01 class 0x060400
Feb  3 12:13:20 cu-cs-vm kernel: [    0.313286] pci 0000:00:18.4: PME# supported from D0 D3hot D3cold
Feb  3 12:13:20 cu-cs-vm kernel: [    0.313853] pci 0000:00:18.5: [15ad:07a0] type 01 class 0x060400
Feb  3 12:13:20 cu-cs-vm kernel: [    0.315421] pci 0000:00:18.5: PME# supported from D0 D3hot D3cold
Feb  3 12:13:20 cu-cs-vm kernel: [    0.315996] pci 0000:00:18.6: [15ad:07a0] type 01 class 0x060400
Feb  3 12:13:20 cu-cs-vm kernel: [    0.317559] pci 0000:00:18.6: PME# supported from D0 D3hot D3cold
Feb  3 12:13:20 cu-cs-vm kernel: [    0.318134] pci 0000:00:18.7: [15ad:07a0] type 01 class 0x060400
Feb  3 12:13:20 cu-cs-vm kernel: [    0.319707] pci 0000:00:18.7: PME# supported from D0 D3hot D3cold
Feb  3 12:13:20 cu-cs-vm kernel: [    0.321021] pci 0000:00:01.0: PCI bridge to [bus 01]
Feb  3 12:13:20 cu-cs-vm kernel: [    0.321724] acpiphp: Slot [32] registered
Feb  3 12:13:20 cu-cs-vm kernel: [    0.321857] acpiphp: Slot [33] registered
Feb  3 12:13:20 cu-cs-vm kernel: [    0.321991] acpiphp: Slot [34] registered
Feb  3 12:13:20 cu-cs-vm kernel: [    0.322119] acpiphp: Slot [35] registered
Feb  3 12:13:20 cu-cs-vm kernel: [    0.322248] acpiphp: Slot [36] registered
Feb  3 12:13:20 cu-cs-vm kernel: [    0.322376] acpiphp: Slot [37] registered
Feb  3 12:13:20 cu-cs-vm kernel: [    0.322504] acpiphp: Slot [38] registered
Feb  3 12:13:20 cu-cs-vm kernel: [    0.322632] acpiphp: Slot [39] registered
Feb  3 12:13:20 cu-cs-vm kernel: [    0.322764] acpiphp: Slot [40] registered
Feb  3 12:13:20 cu-cs-vm kernel: [    0.322893] acpiphp: Slot [41] registered
Feb  3 12:13:20 cu-cs-vm kernel: [    0.323046] acpiphp: Slot [42] registered
Feb  3 12:13:20 cu-cs-vm kernel: [    0.323175] acpiphp: Slot [43] registered
Feb  3 12:13:20 cu-cs-vm kernel: [    0.323303] acpiphp: Slot [44] registered
Feb  3 12:13:20 cu-cs-vm kernel: [    0.323431] acpiphp: Slot [45] registered
Feb  3 12:13:20 cu-cs-vm kernel: [    0.323564] acpiphp: Slot [46] registered
Feb  3 12:13:20 cu-cs-vm kernel: [    0.323786] acpiphp: Slot [47] registered
Feb  3 12:13:20 cu-cs-vm kernel: [    0.324279] acpiphp: Slot [48] registered
Feb  3 12:13:20 cu-cs-vm kernel: [    0.324743] acpiphp: Slot [49] registered
Feb  3 12:13:20 cu-cs-vm kernel: [    0.325285] acpiphp: Slot [50] registered
Feb  3 12:13:20 cu-cs-vm kernel: [    0.325789] acpiphp: Slot [51] registered
Feb  3 12:13:20 cu-cs-vm kernel: [    0.326172] acpiphp: Slot [52] registered
Feb  3 12:13:20 cu-cs-vm kernel: [    0.326370] acpiphp: Slot [53] registered
Feb  3 12:13:20 cu-cs-vm kernel: [    0.326512] acpiphp: Slot [54] registered
Feb  3 12:13:20 cu-cs-vm kernel: [    0.326658] acpiphp: Slot [55] registered
Feb  3 12:13:20 cu-cs-vm kernel: [    0.326794] acpiphp: Slot [56] registered
Feb  3 12:13:20 cu-cs-vm kernel: [    0.326922] acpiphp: Slot [57] registered
Feb  3 12:13:20 cu-cs-vm kernel: [    0.327051] acpiphp: Slot [58] registered
Feb  3 12:13:20 cu-cs-vm kernel: [    0.327180] acpiphp: Slot [59] registered
Feb  3 12:13:20 cu-cs-vm kernel: [    0.327308] acpiphp: Slot [60] registered
Feb  3 12:13:20 cu-cs-vm kernel: [    0.327436] acpiphp: Slot [61] registered
Feb  3 12:13:20 cu-cs-vm kernel: [    0.327564] acpiphp: Slot [62] registered
Feb  3 12:13:20 cu-cs-vm kernel: [    0.327692] acpiphp: Slot [63] registered
Feb  3 12:13:20 cu-cs-vm kernel: [    0.327904] pci 0000:02:00.0: [15ad:0774] type 00 class 0x0c0300
Feb  3 12:13:20 cu-cs-vm kernel: [    0.330298] pci 0000:02:00.0: reg 0x20: [io  0x2040-0x205f]
Feb  3 12:13:20 cu-cs-vm kernel: [    0.331938] pci 0000:02:01.0: [8086:100f] type 00 class 0x020000
Feb  3 12:13:20 cu-cs-vm kernel: [    0.333294] pci 0000:02:01.0: reg 0x10: [mem 0xfd5c0000-0xfd5dffff 64bit]
Feb  3 12:13:20 cu-cs-vm kernel: [    0.334400] pci 0000:02:01.0: reg 0x18: [mem 0xfdff0000-0xfdffffff 64bit]
Feb  3 12:13:20 cu-cs-vm kernel: [    0.335417] pci 0000:02:01.0: reg 0x20: [io  0x2000-0x203f]
Feb  3 12:13:20 cu-cs-vm kernel: [    0.337850] pci 0000:02:01.0: reg 0x30: [mem 0x00000000-0x0000ffff pref]
Feb  3 12:13:20 cu-cs-vm kernel: [    0.339528] pci 0000:02:01.0: PME# supported from D0 D3hot D3cold
Feb  3 12:13:20 cu-cs-vm kernel: [    0.340378] pci 0000:02:02.0: [15ad:0770] type 00 class 0x0c0320
Feb  3 12:13:20 cu-cs-vm kernel: [    0.341399] pci 0000:02:02.0: reg 0x10: [mem 0xfd5ef000-0xfd5effff]
Feb  3 12:13:20 cu-cs-vm kernel: [    0.345475] pci 0000:02:04.0: [15ad:07e0] type 00 class 0x010601
Feb  3 12:13:20 cu-cs-vm kernel: [    0.348694] pci 0000:02:04.0: reg 0x24: [mem 0xfd5ee000-0xfd5eefff]
Feb  3 12:13:20 cu-cs-vm kernel: [    0.349188] pci 0000:02:04.0: reg 0x30: [mem 0x00000000-0x0000ffff pref]
Feb  3 12:13:20 cu-cs-vm kernel: [    0.350001] pci 0000:02:04.0: PME# supported from D3hot
Feb  3 12:13:20 cu-cs-vm kernel: [    0.350842] pci 0000:00:11.0: PCI bridge to [bus 02] (subtractive decode)
Feb  3 12:13:20 cu-cs-vm kernel: [    0.350966] pci 0000:00:11.0:   bridge window [io  0x2000-0x3fff]
Feb  3 12:13:20 cu-cs-vm kernel: [    0.351009] pci 0000:00:11.0:   bridge window [mem 0xfd500000-0xfdffffff]
Feb  3 12:13:20 cu-cs-vm kernel: [    0.351092] pci 0000:00:11.0:   bridge window [mem 0xe7b00000-0xe7ffffff 64bit pref]
Feb  3 12:13:20 cu-cs-vm kernel: [    0.351093] pci 0000:00:11.0:   bridge window [mem 0x000a0000-0x000bffff window] (subtractive decode)
Feb  3 12:13:20 cu-cs-vm kernel: [    0.351094] pci 0000:00:11.0:   bridge window [mem 0x000cc000-0x000cffff window] (subtractive decode)
Feb  3 12:13:20 cu-cs-vm kernel: [    0.351095] pci 0000:00:11.0:   bridge window [mem 0x000d0000-0x000d3fff window] (subtractive decode)
Feb  3 12:13:20 cu-cs-vm kernel: [    0.351096] pci 0000:00:11.0:   bridge window [mem 0x000d4000-0x000d7fff window] (subtractive decode)
Feb  3 12:13:20 cu-cs-vm kernel: [    0.351097] pci 0000:00:11.0:   bridge window [mem 0x000d8000-0x000dbfff window] (subtractive decode)
Feb  3 12:13:20 cu-cs-vm kernel: [    0.351098] pci 0000:00:11.0:   bridge window [mem 0xc0000000-0xfebfffff window] (subtractive decode)
Feb  3 12:13:20 cu-cs-vm kernel: [    0.351099] pci 0000:00:11.0:   bridge window [io  0x0000-0x0cf7 window] (subtractive decode)
Feb  3 12:13:20 cu-cs-vm kernel: [    0.351100] pci 0000:00:11.0:   bridge window [io  0x0d00-0xfeff window] (subtractive decode)
Feb  3 12:13:20 cu-cs-vm kernel: [    0.351750] pci 0000:00:15.0: PCI bridge to [bus 03]
Feb  3 12:13:20 cu-cs-vm kernel: [    0.351902] pci 0000:00:15.0:   bridge window [io  0x4000-0x4fff]
Feb  3 12:13:20 cu-cs-vm kernel: [    0.351964] pci 0000:00:15.0:   bridge window [mem 0xfd400000-0xfd4fffff]
Feb  3 12:13:20 cu-cs-vm kernel: [    0.352090] pci 0000:00:15.0:   bridge window [mem 0xe7a00000-0xe7afffff 64bit pref]
Feb  3 12:13:20 cu-cs-vm kernel: [    0.353119] pci 0000:00:15.1: PCI bridge to [bus 04]
Feb  3 12:13:20 cu-cs-vm kernel: [    0.353232] pci 0000:00:15.1:   bridge window [io  0x8000-0x8fff]
Feb  3 12:13:20 cu-cs-vm kernel: [    0.353278] pci 0000:00:15.1:   bridge window [mem 0xfd000000-0xfd0fffff]
Feb  3 12:13:20 cu-cs-vm kernel: [    0.353381] pci 0000:00:15.1:   bridge window [mem 0xe7600000-0xe76fffff 64bit pref]
Feb  3 12:13:20 cu-cs-vm kernel: [    0.354057] pci 0000:00:15.2: PCI bridge to [bus 05]
Feb  3 12:13:20 cu-cs-vm kernel: [    0.354164] pci 0000:00:15.2:   bridge window [io  0xc000-0xcfff]
Feb  3 12:13:20 cu-cs-vm kernel: [    0.354207] pci 0000:00:15.2:   bridge window [mem 0xfcc00000-0xfccfffff]
Feb  3 12:13:20 cu-cs-vm kernel: [    0.354290] pci 0000:00:15.2:   bridge window [mem 0xe7200000-0xe72fffff 64bit pref]
Feb  3 12:13:20 cu-cs-vm kernel: [    0.354917] pci 0000:00:15.3: PCI bridge to [bus 06]
Feb  3 12:13:20 cu-cs-vm kernel: [    0.355061] pci 0000:00:15.3:   bridge window [mem 0xfc800000-0xfc8fffff]
Feb  3 12:13:20 cu-cs-vm kernel: [    0.355144] pci 0000:00:15.3:   bridge window [mem 0xe6e00000-0xe6efffff 64bit pref]
Feb  3 12:13:20 cu-cs-vm kernel: [    0.355767] pci 0000:00:15.4: PCI bridge to [bus 07]
Feb  3 12:13:20 cu-cs-vm kernel: [    0.355911] pci 0000:00:15.4:   bridge window [mem 0xfc400000-0xfc4fffff]
Feb  3 12:13:20 cu-cs-vm kernel: [    0.355994] pci 0000:00:15.4:   bridge window [mem 0xe6a00000-0xe6afffff 64bit pref]
Feb  3 12:13:20 cu-cs-vm kernel: [    0.356598] pci 0000:00:15.5: PCI bridge to [bus 08]
Feb  3 12:13:20 cu-cs-vm kernel: [    0.356742] pci 0000:00:15.5:   bridge window [mem 0xfc000000-0xfc0fffff]
Feb  3 12:13:20 cu-cs-vm kernel: [    0.356825] pci 0000:00:15.5:   bridge window [mem 0xe6600000-0xe66fffff 64bit pref]
Feb  3 12:13:20 cu-cs-vm kernel: [    0.357440] pci 0000:00:15.6: PCI bridge to [bus 09]
Feb  3 12:13:20 cu-cs-vm kernel: [    0.357586] pci 0000:00:15.6:   bridge window [mem 0xfbc00000-0xfbcfffff]
Feb  3 12:13:20 cu-cs-vm kernel: [    0.357669] pci 0000:00:15.6:   bridge window [mem 0xe6200000-0xe62fffff 64bit pref]
Feb  3 12:13:20 cu-cs-vm kernel: [    0.358314] pci 0000:00:15.7: PCI bridge to [bus 0a]
Feb  3 12:13:20 cu-cs-vm kernel: [    0.358458] pci 0000:00:15.7:   bridge window [mem 0xfb800000-0xfb8fffff]
Feb  3 12:13:20 cu-cs-vm kernel: [    0.358541] pci 0000:00:15.7:   bridge window [mem 0xe5e00000-0xe5efffff 64bit pref]
Feb  3 12:13:20 cu-cs-vm kernel: [    0.359156] pci 0000:00:16.0: PCI bridge to [bus 0b]
Feb  3 12:13:20 cu-cs-vm kernel: [    0.359258] pci 0000:00:16.0:   bridge window [io  0x5000-0x5fff]
Feb  3 12:13:20 cu-cs-vm kernel: [    0.359301] pci 0000:00:16.0:   bridge window [mem 0xfd300000-0xfd3fffff]
Feb  3 12:13:20 cu-cs-vm kernel: [    0.359384] pci 0000:00:16.0:   bridge window [mem 0xe7900000-0xe79fffff 64bit pref]
Feb  3 12:13:20 cu-cs-vm kernel: [    0.360031] pci 0000:00:16.1: PCI bridge to [bus 0c]
Feb  3 12:13:20 cu-cs-vm kernel: [    0.360136] pci 0000:00:16.1:   bridge window [io  0x9000-0x9fff]
Feb  3 12:13:20 cu-cs-vm kernel: [    0.360179] pci 0000:00:16.1:   bridge window [mem 0xfcf00000-0xfcffffff]
Feb  3 12:13:20 cu-cs-vm kernel: [    0.360261] pci 0000:00:16.1:   bridge window [mem 0xe7500000-0xe75fffff 64bit pref]
Feb  3 12:13:20 cu-cs-vm kernel: [    0.361021] pci 0000:00:16.2: PCI bridge to [bus 0d]
Feb  3 12:13:20 cu-cs-vm kernel: [    0.361127] pci 0000:00:16.2:   bridge window [io  0xd000-0xdfff]
Feb  3 12:13:20 cu-cs-vm kernel: [    0.361170] pci 0000:00:16.2:   bridge window [mem 0xfcb00000-0xfcbfffff]
Feb  3 12:13:20 cu-cs-vm kernel: [    0.361253] pci 0000:00:16.2:   bridge window [mem 0xe7100000-0xe71fffff 64bit pref]
Feb  3 12:13:20 cu-cs-vm kernel: [    0.361943] pci 0000:00:16.3: PCI bridge to [bus 0e]
Feb  3 12:13:20 cu-cs-vm kernel: [    0.362093] pci 0000:00:16.3:   bridge window [mem 0xfc700000-0xfc7fffff]
Feb  3 12:13:20 cu-cs-vm kernel: [    0.362177] pci 0000:00:16.3:   bridge window [mem 0xe6d00000-0xe6dfffff 64bit pref]
Feb  3 12:13:20 cu-cs-vm kernel: [    0.362836] pci 0000:00:16.4: PCI bridge to [bus 0f]
Feb  3 12:13:20 cu-cs-vm kernel: [    0.363172] pci 0000:00:16.4:   bridge window [mem 0xfc300000-0xfc3fffff]
Feb  3 12:13:20 cu-cs-vm kernel: [    0.363256] pci 0000:00:16.4:   bridge window [mem 0xe6900000-0xe69fffff 64bit pref]
Feb  3 12:13:20 cu-cs-vm kernel: [    0.363893] pci 0000:00:16.5: PCI bridge to [bus 10]
Feb  3 12:13:20 cu-cs-vm kernel: [    0.364029] pci 0000:00:16.5:   bridge window [mem 0xfbf00000-0xfbffffff]
Feb  3 12:13:20 cu-cs-vm kernel: [    0.364113] pci 0000:00:16.5:   bridge window [mem 0xe6500000-0xe65fffff 64bit pref]
Feb  3 12:13:20 cu-cs-vm kernel: [    0.364743] pci 0000:00:16.6: PCI bridge to [bus 11]
Feb  3 12:13:20 cu-cs-vm kernel: [    0.364887] pci 0000:00:16.6:   bridge window [mem 0xfbb00000-0xfbbfffff]
Feb  3 12:13:20 cu-cs-vm kernel: [    0.365028] pci 0000:00:16.6:   bridge window [mem 0xe6100000-0xe61fffff 64bit pref]
Feb  3 12:13:20 cu-cs-vm kernel: [    0.365991] pci 0000:00:16.7: PCI bridge to [bus 12]
Feb  3 12:13:20 cu-cs-vm kernel: [    0.366422] pci 0000:00:16.7:   bridge window [mem 0xfb700000-0xfb7fffff]
Feb  3 12:13:20 cu-cs-vm kernel: [    0.366890] pci 0000:00:16.7:   bridge window [mem 0xe5d00000-0xe5dfffff 64bit pref]
Feb  3 12:13:20 cu-cs-vm kernel: [    0.369210] pci 0000:00:17.0: PCI bridge to [bus 13]
Feb  3 12:13:20 cu-cs-vm kernel: [    0.369411] pci 0000:00:17.0:   bridge window [io  0x6000-0x6fff]
Feb  3 12:13:20 cu-cs-vm kernel: [    0.369477] pci 0000:00:17.0:   bridge window [mem 0xfd200000-0xfd2fffff]
Feb  3 12:13:20 cu-cs-vm kernel: [    0.369784] pci 0000:00:17.0:   bridge window [mem 0xe7800000-0xe78fffff 64bit pref]
Feb  3 12:13:20 cu-cs-vm kernel: [    0.371114] pci 0000:00:17.1: PCI bridge to [bus 14]
Feb  3 12:13:20 cu-cs-vm kernel: [    0.371286] pci 0000:00:17.1:   bridge window [io  0xa000-0xafff]
Feb  3 12:13:20 cu-cs-vm kernel: [    0.371344] pci 0000:00:17.1:   bridge window [mem 0xfce00000-0xfcefffff]
Feb  3 12:13:20 cu-cs-vm kernel: [    0.371443] pci 0000:00:17.1:   bridge window [mem 0xe7400000-0xe74fffff 64bit pref]
Feb  3 12:13:20 cu-cs-vm kernel: [    0.372401] pci 0000:00:17.2: PCI bridge to [bus 15]
Feb  3 12:13:20 cu-cs-vm kernel: [    0.372560] pci 0000:00:17.2:   bridge window [io  0xe000-0xefff]
Feb  3 12:13:20 cu-cs-vm kernel: [    0.372607] pci 0000:00:17.2:   bridge window [mem 0xfca00000-0xfcafffff]
Feb  3 12:13:20 cu-cs-vm kernel: [    0.372754] pci 0000:00:17.2:   bridge window [mem 0xe7000000-0xe70fffff 64bit pref]
Feb  3 12:13:20 cu-cs-vm kernel: [    0.373516] pci 0000:00:17.3: PCI bridge to [bus 16]
Feb  3 12:13:20 cu-cs-vm kernel: [    0.373664] pci 0000:00:17.3:   bridge window [mem 0xfc600000-0xfc6fffff]
Feb  3 12:13:20 cu-cs-vm kernel: [    0.373748] pci 0000:00:17.3:   bridge window [mem 0xe6c00000-0xe6cfffff 64bit pref]
Feb  3 12:13:20 cu-cs-vm kernel: [    0.374388] pci 0000:00:17.4: PCI bridge to [bus 17]
Feb  3 12:13:20 cu-cs-vm kernel: [    0.374532] pci 0000:00:17.4:   bridge window [mem 0xfc200000-0xfc2fffff]
Feb  3 12:13:20 cu-cs-vm kernel: [    0.374615] pci 0000:00:17.4:   bridge window [mem 0xe6800000-0xe68fffff 64bit pref]
Feb  3 12:13:20 cu-cs-vm kernel: [    0.375245] pci 0000:00:17.5: PCI bridge to [bus 18]
Feb  3 12:13:20 cu-cs-vm kernel: [    0.375389] pci 0000:00:17.5:   bridge window [mem 0xfbe00000-0xfbefffff]
Feb  3 12:13:20 cu-cs-vm kernel: [    0.375471] pci 0000:00:17.5:   bridge window [mem 0xe6400000-0xe64fffff 64bit pref]
Feb  3 12:13:20 cu-cs-vm kernel: [    0.376105] pci 0000:00:17.6: PCI bridge to [bus 19]
Feb  3 12:13:20 cu-cs-vm kernel: [    0.376249] pci 0000:00:17.6:   bridge window [mem 0xfba00000-0xfbafffff]
Feb  3 12:13:20 cu-cs-vm kernel: [    0.376332] pci 0000:00:17.6:   bridge window [mem 0xe6000000-0xe60fffff 64bit pref]
Feb  3 12:13:20 cu-cs-vm kernel: [    0.376972] pci 0000:00:17.7: PCI bridge to [bus 1a]
Feb  3 12:13:20 cu-cs-vm kernel: [    0.377116] pci 0000:00:17.7:   bridge window [mem 0xfb600000-0xfb6fffff]
Feb  3 12:13:20 cu-cs-vm kernel: [    0.377199] pci 0000:00:17.7:   bridge window [mem 0xe5c00000-0xe5cfffff 64bit pref]
Feb  3 12:13:20 cu-cs-vm kernel: [    0.377821] pci 0000:00:18.0: PCI bridge to [bus 1b]
Feb  3 12:13:20 cu-cs-vm kernel: [    0.377924] pci 0000:00:18.0:   bridge window [io  0x7000-0x7fff]
Feb  3 12:13:20 cu-cs-vm kernel: [    0.377967] pci 0000:00:18.0:   bridge window [mem 0xfd100000-0xfd1fffff]
Feb  3 12:13:20 cu-cs-vm kernel: [    0.378050] pci 0000:00:18.0:   bridge window [mem 0xe7700000-0xe77fffff 64bit pref]
Feb  3 12:13:20 cu-cs-vm kernel: [    0.378666] pci 0000:00:18.1: PCI bridge to [bus 1c]
Feb  3 12:13:20 cu-cs-vm kernel: [    0.378769] pci 0000:00:18.1:   bridge window [io  0xb000-0xbfff]
Feb  3 12:13:20 cu-cs-vm kernel: [    0.378812] pci 0000:00:18.1:   bridge window [mem 0xfcd00000-0xfcdfffff]
Feb  3 12:13:20 cu-cs-vm kernel: [    0.378894] pci 0000:00:18.1:   bridge window [mem 0xe7300000-0xe73fffff 64bit pref]
Feb  3 12:13:20 cu-cs-vm kernel: [    0.379583] pci 0000:00:18.2: PCI bridge to [bus 1d]
Feb  3 12:13:20 cu-cs-vm kernel: [    0.379753] pci 0000:00:18.2:   bridge window [mem 0xfc900000-0xfc9fffff]
Feb  3 12:13:20 cu-cs-vm kernel: [    0.379910] pci 0000:00:18.2:   bridge window [mem 0xe6f00000-0xe6ffffff 64bit pref]
Feb  3 12:13:20 cu-cs-vm kernel: [    0.381913] pci 0000:00:18.3: PCI bridge to [bus 1e]
Feb  3 12:13:20 cu-cs-vm kernel: [    0.382166] pci 0000:00:18.3:   bridge window [mem 0xfc500000-0xfc5fffff]
Feb  3 12:13:20 cu-cs-vm kernel: [    0.382258] pci 0000:00:18.3:   bridge window [mem 0xe6b00000-0xe6bfffff 64bit pref]
Feb  3 12:13:20 cu-cs-vm kernel: [    0.383009] pci 0000:00:18.4: PCI bridge to [bus 1f]
Feb  3 12:13:20 cu-cs-vm kernel: [    0.383171] pci 0000:00:18.4:   bridge window [mem 0xfc100000-0xfc1fffff]
Feb  3 12:13:20 cu-cs-vm kernel: [    0.383255] pci 0000:00:18.4:   bridge window [mem 0xe6700000-0xe67fffff 64bit pref]
Feb  3 12:13:20 cu-cs-vm kernel: [    0.383891] pci 0000:00:18.5: PCI bridge to [bus 20]
Feb  3 12:13:20 cu-cs-vm kernel: [    0.384058] pci 0000:00:18.5:   bridge window [mem 0xfbd00000-0xfbdfffff]
Feb  3 12:13:20 cu-cs-vm kernel: [    0.384187] pci 0000:00:18.5:   bridge window [mem 0xe6300000-0xe63fffff 64bit pref]
Feb  3 12:13:20 cu-cs-vm kernel: [    0.384850] pci 0000:00:18.6: PCI bridge to [bus 21]
Feb  3 12:13:20 cu-cs-vm kernel: [    0.384996] pci 0000:00:18.6:   bridge window [mem 0xfb900000-0xfb9fffff]
Feb  3 12:13:20 cu-cs-vm kernel: [    0.385080] pci 0000:00:18.6:   bridge window [mem 0xe5f00000-0xe5ffffff 64bit pref]
Feb  3 12:13:20 cu-cs-vm kernel: [    0.386038] pci 0000:00:18.7: PCI bridge to [bus 22]
Feb  3 12:13:20 cu-cs-vm kernel: [    0.386225] pci 0000:00:18.7:   bridge window [mem 0xfb500000-0xfb5fffff]
Feb  3 12:13:20 cu-cs-vm kernel: [    0.386484] pci 0000:00:18.7:   bridge window [mem 0xe5b00000-0xe5bfffff 64bit pref]
Feb  3 12:13:20 cu-cs-vm kernel: [    0.391527] ACPI: PCI Interrupt Link [LNKA] (IRQs 3 4 5 6 7 *9 10 11 14 15)
Feb  3 12:13:20 cu-cs-vm kernel: [    0.391762] ACPI: PCI Interrupt Link [LNKB] (IRQs 3 4 5 6 7 9 10 *11 14 15)
Feb  3 12:13:20 cu-cs-vm kernel: [    0.391989] ACPI: PCI Interrupt Link [LNKC] (IRQs 3 4 5 6 7 9 *10 11 14 15)
Feb  3 12:13:20 cu-cs-vm kernel: [    0.392154] ACPI: PCI Interrupt Link [LNKD] (IRQs 3 4 5 6 *7 9 10 11 14 15)
Feb  3 12:13:20 cu-cs-vm kernel: [    0.418253] SCSI subsystem initialized
Feb  3 12:13:20 cu-cs-vm kernel: [    0.418394] libata version 3.00 loaded.
Feb  3 12:13:20 cu-cs-vm kernel: [    0.418394] pci 0000:00:0f.0: vgaarb: setting as boot VGA device
Feb  3 12:13:20 cu-cs-vm kernel: [    0.418394] pci 0000:00:0f.0: vgaarb: VGA device added: decodes=io+mem,owns=io+mem,locks=none
Feb  3 12:13:20 cu-cs-vm kernel: [    0.418394] pci 0000:00:0f.0: vgaarb: bridge control possible
Feb  3 12:13:20 cu-cs-vm kernel: [    0.418394] vgaarb: loaded
Feb  3 12:13:20 cu-cs-vm kernel: [    0.418394] ACPI: bus type USB registered
Feb  3 12:13:20 cu-cs-vm kernel: [    0.418394] usbcore: registered new interface driver usbfs
Feb  3 12:13:20 cu-cs-vm kernel: [    0.418394] usbcore: registered new interface driver hub
Feb  3 12:13:20 cu-cs-vm kernel: [    0.418394] usbcore: registered new device driver usb
Feb  3 12:13:20 cu-cs-vm kernel: [    0.418394] EDAC MC: Ver: 3.0.0
Feb  3 12:13:20 cu-cs-vm kernel: [    0.422254] PCI: Using ACPI for IRQ routing
Feb  3 12:13:20 cu-cs-vm kernel: [    0.485491] PCI: pci_cache_line_size set to 64 bytes
Feb  3 12:13:20 cu-cs-vm kernel: [    0.487361] e820: reserve RAM buffer [mem 0x0009e800-0x0009ffff]
Feb  3 12:13:20 cu-cs-vm kernel: [    0.487364] e820: reserve RAM buffer [mem 0x7fee0000-0x7fffffff]
Feb  3 12:13:20 cu-cs-vm kernel: [    0.487519] NetLabel: Initializing
Feb  3 12:13:20 cu-cs-vm kernel: [    0.487572] NetLabel:  domain hash size = 128
Feb  3 12:13:20 cu-cs-vm kernel: [    0.487624] NetLabel:  protocols = UNLABELED CIPSOv4 CALIPSO
Feb  3 12:13:20 cu-cs-vm kernel: [    0.487695] NetLabel:  unlabeled traffic allowed by default
Feb  3 12:13:20 cu-cs-vm kernel: [    0.488510] clocksource: Switched to clocksource refined-jiffies
Feb  3 12:13:20 cu-cs-vm kernel: [    0.506860] VFS: Disk quotas dquot_6.6.0
Feb  3 12:13:20 cu-cs-vm kernel: [    0.506966] VFS: Dquot-cache hash table entries: 512 (order 0, 4096 bytes)
Feb  3 12:13:20 cu-cs-vm kernel: [    0.507200] AppArmor: AppArmor Filesystem Enabled
Feb  3 12:13:20 cu-cs-vm kernel: [    0.507285] pnp: PnP ACPI init
Feb  3 12:13:20 cu-cs-vm kernel: [    0.507593] system 00:00: [io  0x1000-0x103f] has been reserved
Feb  3 12:13:20 cu-cs-vm kernel: [    0.507692] system 00:00: [io  0x1040-0x104f] has been reserved
Feb  3 12:13:20 cu-cs-vm kernel: [    0.507763] system 00:00: [io  0x0cf0-0x0cf1] has been reserved
Feb  3 12:13:20 cu-cs-vm kernel: [    0.507838] system 00:00: Plug and Play ACPI device, IDs PNP0c02 (active)
Feb  3 12:13:20 cu-cs-vm kernel: [    0.507875] pnp 00:01: Plug and Play ACPI device, IDs PNP0b00 (active)
Feb  3 12:13:20 cu-cs-vm kernel: [    0.507895] pnp 00:02: Plug and Play ACPI device, IDs PNP0303 (active)
Feb  3 12:13:20 cu-cs-vm kernel: [    0.507911] pnp 00:03: Plug and Play ACPI device, IDs VMW0003 PNP0f13 (active)
Feb  3 12:13:20 cu-cs-vm kernel: [    0.513471] system 00:04: [io  0xfce0-0xfcff] has been reserved
Feb  3 12:13:20 cu-cs-vm kernel: [    0.513551] system 00:04: [mem 0xf0000000-0xf7ffffff] has been reserved
Feb  3 12:13:20 cu-cs-vm kernel: [    0.513626] system 00:04: [mem 0xfe800000-0xfe9fffff] has been reserved
Feb  3 12:13:20 cu-cs-vm kernel: [    0.513701] system 00:04: Plug and Play ACPI device, IDs PNP0c02 (active)
Feb  3 12:13:20 cu-cs-vm kernel: [    0.526556] pnp: PnP ACPI: found 5 devices
Feb  3 12:13:20 cu-cs-vm kernel: [    0.540255] clocksource: acpi_pm: mask: 0xffffff max_cycles: 0xffffff, max_idle_ns: 2085701024 ns
Feb  3 12:13:20 cu-cs-vm kernel: [    0.540507] clocksource: Switched to clocksource acpi_pm
Feb  3 12:13:20 cu-cs-vm kernel: [    0.541275] pci 0000:00:15.3: bridge window [io  0x1000-0x0fff] to [bus 06] add_size 1000
Feb  3 12:13:20 cu-cs-vm kernel: [    0.541399] pci 0000:00:15.4: bridge window [io  0x1000-0x0fff] to [bus 07] add_size 1000
Feb  3 12:13:20 cu-cs-vm kernel: [    0.541523] pci 0000:00:15.5: bridge window [io  0x1000-0x0fff] to [bus 08] add_size 1000
Feb  3 12:13:20 cu-cs-vm kernel: [    0.541645] pci 0000:00:15.6: bridge window [io  0x1000-0x0fff] to [bus 09] add_size 1000
Feb  3 12:13:20 cu-cs-vm kernel: [    0.541768] pci 0000:00:15.7: bridge window [io  0x1000-0x0fff] to [bus 0a] add_size 1000
Feb  3 12:13:20 cu-cs-vm kernel: [    0.542249] pci 0000:00:16.3: bridge window [io  0x1000-0x0fff] to [bus 0e] add_size 1000
Feb  3 12:13:20 cu-cs-vm kernel: [    0.542372] pci 0000:00:16.4: bridge window [io  0x1000-0x0fff] to [bus 0f] add_size 1000
Feb  3 12:13:20 cu-cs-vm kernel: [    0.542494] pci 0000:00:16.5: bridge window [io  0x1000-0x0fff] to [bus 10] add_size 1000
